Archive member included to satisfy reference by file (symbol)

c:/program files (x86)/atmel/studio/7.0/toolchain/avr8/avr8-gnu-toolchain/bin/../lib/gcc/avr/5.4.0/../../../../avr/lib/avrxmega6\libm.a(addsf3.o)
                              src/adc_sensors/adc_sensors.o (__addsf3)
c:/program files (x86)/atmel/studio/7.0/toolchain/avr8/avr8-gnu-toolchain/bin/../lib/gcc/avr/5.4.0/../../../../avr/lib/avrxmega6\libm.a(addsf3x.o)
                              c:/program files (x86)/atmel/studio/7.0/toolchain/avr8/avr8-gnu-toolchain/bin/../lib/gcc/avr/5.4.0/../../../../avr/lib/avrxmega6\libm.a(addsf3.o) (__addsf3x)
c:/program files (x86)/atmel/studio/7.0/toolchain/avr8/avr8-gnu-toolchain/bin/../lib/gcc/avr/5.4.0/../../../../avr/lib/avrxmega6\libm.a(fixsfsi.o)
                              src/adc_sensors/adc_sensors.o (__fixsfsi)
c:/program files (x86)/atmel/studio/7.0/toolchain/avr8/avr8-gnu-toolchain/bin/../lib/gcc/avr/5.4.0/../../../../avr/lib/avrxmega6\libm.a(fixunssfsi.o)
                              c:/program files (x86)/atmel/studio/7.0/toolchain/avr8/avr8-gnu-toolchain/bin/../lib/gcc/avr/5.4.0/../../../../avr/lib/avrxmega6\libm.a(fixsfsi.o) (__fixunssfsi)
c:/program files (x86)/atmel/studio/7.0/toolchain/avr8/avr8-gnu-toolchain/bin/../lib/gcc/avr/5.4.0/../../../../avr/lib/avrxmega6\libm.a(floatsisf.o)
                              src/adc_sensors/adc_sensors.o (__floatunsisf)
c:/program files (x86)/atmel/studio/7.0/toolchain/avr8/avr8-gnu-toolchain/bin/../lib/gcc/avr/5.4.0/../../../../avr/lib/avrxmega6\libm.a(fp_inf.o)
                              c:/program files (x86)/atmel/studio/7.0/toolchain/avr8/avr8-gnu-toolchain/bin/../lib/gcc/avr/5.4.0/../../../../avr/lib/avrxmega6\libm.a(addsf3x.o) (__fp_inf)
c:/program files (x86)/atmel/studio/7.0/toolchain/avr8/avr8-gnu-toolchain/bin/../lib/gcc/avr/5.4.0/../../../../avr/lib/avrxmega6\libm.a(fp_nan.o)
                              c:/program files (x86)/atmel/studio/7.0/toolchain/avr8/avr8-gnu-toolchain/bin/../lib/gcc/avr/5.4.0/../../../../avr/lib/avrxmega6\libm.a(addsf3x.o) (__fp_nan)
c:/program files (x86)/atmel/studio/7.0/toolchain/avr8/avr8-gnu-toolchain/bin/../lib/gcc/avr/5.4.0/../../../../avr/lib/avrxmega6\libm.a(fp_pscA.o)
                              c:/program files (x86)/atmel/studio/7.0/toolchain/avr8/avr8-gnu-toolchain/bin/../lib/gcc/avr/5.4.0/../../../../avr/lib/avrxmega6\libm.a(addsf3x.o) (__fp_pscA)
c:/program files (x86)/atmel/studio/7.0/toolchain/avr8/avr8-gnu-toolchain/bin/../lib/gcc/avr/5.4.0/../../../../avr/lib/avrxmega6\libm.a(fp_pscB.o)
                              c:/program files (x86)/atmel/studio/7.0/toolchain/avr8/avr8-gnu-toolchain/bin/../lib/gcc/avr/5.4.0/../../../../avr/lib/avrxmega6\libm.a(addsf3x.o) (__fp_pscB)
c:/program files (x86)/atmel/studio/7.0/toolchain/avr8/avr8-gnu-toolchain/bin/../lib/gcc/avr/5.4.0/../../../../avr/lib/avrxmega6\libm.a(fp_round.o)
                              c:/program files (x86)/atmel/studio/7.0/toolchain/avr8/avr8-gnu-toolchain/bin/../lib/gcc/avr/5.4.0/../../../../avr/lib/avrxmega6\libm.a(addsf3.o) (__fp_round)
c:/program files (x86)/atmel/studio/7.0/toolchain/avr8/avr8-gnu-toolchain/bin/../lib/gcc/avr/5.4.0/../../../../avr/lib/avrxmega6\libm.a(fp_split3.o)
                              c:/program files (x86)/atmel/studio/7.0/toolchain/avr8/avr8-gnu-toolchain/bin/../lib/gcc/avr/5.4.0/../../../../avr/lib/avrxmega6\libm.a(addsf3x.o) (__fp_split3)
c:/program files (x86)/atmel/studio/7.0/toolchain/avr8/avr8-gnu-toolchain/bin/../lib/gcc/avr/5.4.0/../../../../avr/lib/avrxmega6\libm.a(fp_zero.o)
                              c:/program files (x86)/atmel/studio/7.0/toolchain/avr8/avr8-gnu-toolchain/bin/../lib/gcc/avr/5.4.0/../../../../avr/lib/avrxmega6\libm.a(addsf3x.o) (__fp_zero)
c:/program files (x86)/atmel/studio/7.0/toolchain/avr8/avr8-gnu-toolchain/bin/../lib/gcc/avr/5.4.0/../../../../avr/lib/avrxmega6\libm.a(mulsf3.o)
                              src/adc_sensors/adc_sensors.o (__mulsf3)
c:/program files (x86)/atmel/studio/7.0/toolchain/avr8/avr8-gnu-toolchain/bin/../lib/gcc/avr/5.4.0/../../../../avr/lib/avrxmega6\libm.a(mulsf3x.o)
                              c:/program files (x86)/atmel/studio/7.0/toolchain/avr8/avr8-gnu-toolchain/bin/../lib/gcc/avr/5.4.0/../../../../avr/lib/avrxmega6\libm.a(mulsf3.o) (__mulsf3x)
c:/program files (x86)/atmel/studio/7.0/toolchain/avr8/avr8-gnu-toolchain/bin/../lib/gcc/avr/5.4.0/avrxmega6\libgcc.a(_divmodhi4.o)
                              src/main.o (__divmodhi4)
c:/program files (x86)/atmel/studio/7.0/toolchain/avr8/avr8-gnu-toolchain/bin/../lib/gcc/avr/5.4.0/avrxmega6\libgcc.a(_udivmodsi4.o)
                              src/ASF/xmega/drivers/spi/spi.o (__udivmodsi4)
c:/program files (x86)/atmel/studio/7.0/toolchain/avr8/avr8-gnu-toolchain/bin/../lib/gcc/avr/5.4.0/avrxmega6\libgcc.a(_exit.o)
                              C:/Program Files (x86)/Atmel/Studio/7.0/Packs/atmel/XMEGAA_DFP/1.1.68/gcc/dev/atxmega256a3bu/avrxmega6/crtatxmega256a3bu.o (exit)
[...]
Memory Configuration

Name             Origin             Length             Attributes
text             0x00000000         0x00100000         xr
data             0x00802000         0x0000ffa0         rw !x
eeprom           0x00810000         0x00010000         rw !x
fuse             0x00820000         0x00000006         rw !x
lock             0x00830000         0x00000400         rw !x
signature        0x00840000         0x00000400         rw !x
user_signatures  0x00850000         0x00000400         rw !x
*default*        0x00000000         0xffffffff

Linker script and memory map

LOAD C:/Program Files (x86)/Atmel/Studio/7.0/Packs/atmel/XMEGAA_DFP/1.1.68/gcc/dev/atxmega256a3bu/avrxmega6/crtatxmega256a3bu.o
LOAD src/adc_sensors/adc_sensors.o
LOAD src/ASF/common/components/display/st7565r/st7565r.o
LOAD src/ASF/common/services/clock/xmega/sysclk.o
LOAD src/ASF/common/services/gfx_mono/gfx_mono_c12832_a1z.o
LOAD src/ASF/common/services/gfx_mono/gfx_mono_framebuffer.o
LOAD src/ASF/common/services/gfx_mono/gfx_mono_generic.o
LOAD src/ASF/common/services/gfx_mono/gfx_mono_text.o
LOAD src/ASF/common/services/gfx_mono/sysfont.o
LOAD src/ASF/common/services/serial/usart_serial.o
LOAD src/ASF/common/services/sleepmgr/xmega/sleepmgr.o
LOAD src/ASF/common/services/spi/xmega_spi/spi_master.o
LOAD src/ASF/common/services/spi/xmega_usart_spi/usart_spi.o
LOAD src/ASF/xmega/drivers/adc/adc.o
LOAD src/ASF/xmega/drivers/adc/xmega_aau/adc_aau.o
LOAD src/ASF/xmega/drivers/cpu/ccp.o
LOAD src/ASF/xmega/drivers/nvm/nvm.o
LOAD src/ASF/xmega/drivers/nvm/nvm_asm.o
LOAD src/ASF/xmega/drivers/rtc32/rtc32.o
LOAD src/ASF/xmega/drivers/spi/spi.o
LOAD src/ASF/xmega/drivers/usart/usart.o
LOAD src/FreeRTOS/croutine.o
LOAD src/FreeRTOS/event_groups.o
LOAD src/FreeRTOS/list.o
LOAD src/FreeRTOS/portable/GCC/ATXmega256A3BU/port.o
LOAD src/FreeRTOS/portable/MemMang/heap_3.o
LOAD src/FreeRTOS/queue.o
LOAD src/FreeRTOS/tasks.o
LOAD src/FreeRTOS/timers.o
LOAD src/ASF/common/services/ioport/xmega/ioport_compat.o
LOAD src/ASF/xmega/boards/xmega_a3bu_xplained/init.o
LOAD src/main.o
START GROUP
LOAD c:/program files (x86)/atmel/studio/7.0/toolchain/avr8/avr8-gnu-toolchain/bin/../lib/gcc/avr/5.4.0/../../../../avr/lib/avrxmega6\libm.a
END GROUP
Address of section .BOOT set to 0x40000
START GROUP
LOAD c:/program files (x86)/atmel/studio/7.0/toolchain/avr8/avr8-gnu-toolchain/bin/../lib/gcc/avr/5.4.0/avrxmega6\libgcc.a
LOAD c:/program files (x86)/atmel/studio/7.0/toolchain/avr8/avr8-gnu-toolchain/bin/../lib/gcc/avr/5.4.0/../../../../avr/lib/avrxmega6\libm.a
LOAD c:/program files (x86)/atmel/studio/7.0/toolchain/avr8/avr8-gnu-toolchain/bin/../lib/gcc/avr/5.4.0/../../../../avr/lib/avrxmega6\libc.a
LOAD C:/Program Files (x86)/Atmel/Studio/7.0/Packs/atmel/XMEGAA_DFP/1.1.68/gcc/dev/atxmega256a3bu/avrxmega6\libatxmega256a3bu.a
END GROUP
                0x00100000                __TEXT_REGION_LENGTH__ = DEFINED (__TEXT_REGION_LENGTH__)?__TEXT_REGION_LENGTH__:0x100000
                0x0000ffa0                __DATA_REGION_LENGTH__ = DEFINED (__DATA_REGION_LENGTH__)?__DATA_REGION_LENGTH__:0xffa0
                0x00010000                __EEPROM_REGION_LENGTH__ = DEFINED (__EEPROM_REGION_LENGTH__)?__EEPROM_REGION_LENGTH__:0x10000
                [0x00000006]                __FUSE_REGION_LENGTH__ = DEFINED (__FUSE_REGION_LENGTH__)?__FUSE_REGION_LENGTH__:0x400
                0x00000400                __LOCK_REGION_LENGTH__ = DEFINED (__LOCK_REGION_LENGTH__)?__LOCK_REGION_LENGTH__:0x400
                0x00000400                __SIGNATURE_REGION_LENGTH__ = DEFINED (__SIGNATURE_REGION_LENGTH__)?__SIGNATURE_REGION_LENGTH__:0x400
                0x00000400                __USER_SIGNATURE_REGION_LENGTH__ = DEFINED (__USER_SIGNATURE_REGION_LENGTH__)?__USER_SIGNATURE_REGION_LENGTH__:0x400

.hash
 *(.hash)

.dynsym
 *(.dynsym)

.dynstr
 *(.dynstr)

.gnu.version
 *(.gnu.version)

.gnu.version_d
 *(.gnu.version_d)

.gnu.version_r
 *(.gnu.version_r)

.rel.init
 *(.rel.init)

.rela.init
 *(.rela.init)

.rel.text
 *(.rel.text)
 *(.rel.text.*)
 *(.rel.gnu.linkonce.t*)

.rela.text
 *(.rela.text)
 *(.rela.text.*)
 *(.rela.gnu.linkonce.t*)

.rel.fini
 *(.rel.fini)

.rela.fini
 *(.rela.fini)

.rel.rodata
 *(.rel.rodata)
 *(.rel.rodata.*)
 *(.rel.gnu.linkonce.r*)

.rela.rodata
 *(.rela.rodata)
 *(.rela.rodata.*)
 *(.rela.gnu.linkonce.r*)

.rel.data
 *(.rel.data)
 *(.rel.data.*)
 *(.rel.gnu.linkonce.d*)

.rela.data
 *(.rela.data)
 *(.rela.data.*)
 *(.rela.gnu.linkonce.d*)

.rel.ctors
 *(.rel.ctors)

.rela.ctors
 *(.rela.ctors)

.rel.dtors
 *(.rel.dtors)

.rela.dtors
 *(.rela.dtors)

.rel.got
 *(.rel.got)

.rela.got
 *(.rela.got)

.rel.bss
 *(.rel.bss)

.rela.bss
 *(.rela.bss)

.rel.plt
 *(.rel.plt)

.rela.plt
 *(.rela.plt)

.text           0x00000000     0x3e44
 *(.vectors)
 .vectors       0x00000000      0x1fc C:/Program Files (x86)/Atmel/Studio/7.0/Packs/atmel/XMEGAA_DFP/1.1.68/gcc/dev/atxmega256a3bu/avrxmega6/crtatxmega256a3bu.o
                0x00000000                __vector_default
                0x00000000                __vectors
 *(.vectors)
 *(.progmem.gcc*)
 .progmem.gcc_sw_table.prvTimerTask
                0x000001fc       0x14 src/FreeRTOS/timers.o
                0x00000210                . = ALIGN (0x2)
                0x00000210                __trampolines_start = .
 *(.trampolines)
 .trampolines   0x00000210        0x0 linker stubs
 *(.trampolines*)
                0x00000210                __trampolines_end = .
 *libprintf_flt.a:*(.progmem.data)
 *libc.a:*(.progmem.data)
 *(.progmem*)
 .progmem.data.sysfont_glyphs
                0x00000210      0x292 src/ASF/common/services/gfx_mono/sysfont.o
                0x000004a2                . = ALIGN (0x2)
 *(.jumptables)
 *(.jumptables*)
 *(.lowtext)
 *(.lowtext*)
                0x000004a2                __ctors_start = .
 *(.ctors)
                0x000004a2                __ctors_end = .
                0x000004a2                __dtors_start = .
 *(.dtors)
                0x000004a2                __dtors_end = .
 SORT(*)(.ctors)
 SORT(*)(.dtors)
 *(.init0)
 .init0         0x000004a2        0x0 C:/Program Files (x86)/Atmel/Studio/7.0/Packs/atmel/XMEGAA_DFP/1.1.68/gcc/dev/atxmega256a3bu/avrxmega6/crtatxmega256a3bu.o
                0x000004a2                __init
 *(.init0)
 *(.init1)
 *(.init1)
 *(.init2)
 .init2         0x000004a2       0x10 C:/Program Files (x86)/Atmel/Studio/7.0/Packs/atmel/XMEGAA_DFP/1.1.68/gcc/dev/atxmega256a3bu/avrxmega6/crtatxmega256a3bu.o
 *(.init2)
 *(.init3)
 *(.init3)
 *(.init4)
 .init4         0x000004b2       0x1a c:/program files (x86)/atmel/studio/7.0/toolchain/avr8/avr8-gnu-toolchain/bin/../lib/gcc/avr/5.4.0/avrxmega6\libgcc.a(_copy_data.o)
                0x000004b2                __do_copy_data
 .init4         0x000004cc       0x10 c:/program files (x86)/atmel/studio/7.0/toolchain/avr8/avr8-gnu-toolchain/bin/../lib/gcc/avr/5.4.0/avrxmega6\libgcc.a(_clear_bss.o)
                0x000004cc                __do_clear_bss
 *(.init4)
 *(.init5)
 *(.init5)
 *(.init6)
 *(.init6)
 *(.init7)
 *(.init7)
 *(.init8)
 *(.init8)
 *(.init9)
 .init9         0x000004dc        0x8 C:/Program Files (x86)/Atmel/Studio/7.0/Packs/atmel/XMEGAA_DFP/1.1.68/gcc/dev/atxmega256a3bu/avrxmega6/crtatxmega256a3bu.o
 *(.init9)
 *(.text)
 .text          0x000004e4        0x2 C:/Program Files (x86)/Atmel/Studio/7.0/Packs/atmel/XMEGAA_DFP/1.1.68/gcc/dev/atxmega256a3bu/avrxmega6/crtatxmega256a3bu.o
                0x000004e4                __vector_38
                0x000004e4                __vector_104
                0x000004e4                __vector_22
                0x000004e4                __vector_63
                0x000004e4                __vector_28
                0x000004e4                __vector_67
                0x000004e4                __vector_1
                0x000004e4                __vector_119
                0x000004e4                __vector_32
                0x000004e4                __vector_75
                0x000004e4                __vector_91
                0x000004e4                __vector_34
                0x000004e4                __vector_62
                0x000004e4                __vector_77
                0x000004e4                __vector_102
                0x000004e4                __vector_24
                0x000004e4                __vector_12
                0x000004e4                __vector_55
                0x000004e4                __vector_69
                0x000004e4                __vector_81
                0x000004e4                __vector_90
                0x000004e4                __vector_46
                0x000004e4                __bad_interrupt
                0x000004e4                __vector_122
                0x000004e4                __vector_114
                0x000004e4                __vector_6
                0x000004e4                __vector_110
                0x000004e4                __vector_31
                0x000004e4                __vector_92
                0x000004e4                __vector_35
                0x000004e4                __vector_78
                0x000004e4                __vector_117
                0x000004e4                __vector_107
                0x000004e4                __vector_3
                0x000004e4                __vector_105
                0x000004e4                __vector_98
                0x000004e4                __vector_23
                0x000004e4                __vector_68
                0x000004e4                __vector_30
                0x000004e4                __vector_45
                0x000004e4                __vector_25
                0x000004e4                __vector_93
                0x000004e4                __vector_61
                0x000004e4                __vector_54
                0x000004e4                __vector_99
                0x000004e4                __vector_13
                0x000004e4                __vector_17
                0x000004e4                __vector_19
                0x000004e4                __vector_56
                0x000004e4                __vector_7
                0x000004e4                __vector_125
                0x000004e4                __vector_49
                0x000004e4                __vector_123
                0x000004e4                __vector_86
                0x000004e4                __vector_100
                0x000004e4                __vector_101
                0x000004e4                __vector_64
                0x000004e4                __vector_88
                0x000004e4                __vector_109
                0x000004e4                __vector_43
                0x000004e4                __vector_27
                0x000004e4                __vector_5
                0x000004e4                __vector_113
                0x000004e4                __vector_33
                0x000004e4                __vector_76
                0x000004e4                __vector_115
                0x000004e4                __vector_47
                0x000004e4                __vector_52
                0x000004e4                __vector_37
                0x000004e4                __vector_95
                0x000004e4                __vector_103
                0x000004e4                __vector_96
                0x000004e4                __vector_89
                0x000004e4                __vector_108
                0x000004e4                __vector_4
                0x000004e4                __vector_44
                0x000004e4                __vector_82
                0x000004e4                __vector_106
                0x000004e4                __vector_118
                0x000004e4                __vector_51
                0x000004e4                __vector_9
                0x000004e4                __vector_2
                0x000004e4                __vector_21
                0x000004e4                __vector_15
                0x000004e4                __vector_66
                0x000004e4                __vector_36
                0x000004e4                __vector_79
                0x000004e4                __vector_58
                0x000004e4                __vector_70
                0x000004e4                __vector_83
                0x000004e4                __vector_29
                0x000004e4                __vector_60
                0x000004e4                __vector_121
                0x000004e4                __vector_85
                0x000004e4                __vector_94
                0x000004e4                __vector_126
                0x000004e4                __vector_8
                0x000004e4                __vector_26
                0x000004e4                __vector_48
                0x000004e4                __vector_124
                0x000004e4                __vector_116
                0x000004e4                __vector_112
                0x000004e4                __vector_111
                0x000004e4                __vector_80
                0x000004e4                __vector_84
                0x000004e4                __vector_57
                0x000004e4                __vector_53
                0x000004e4                __vector_10
                0x000004e4                __vector_50
                0x000004e4                __vector_16
                0x000004e4                __vector_59
                0x000004e4                __vector_18
                0x000004e4                __vector_97
                0x000004e4                __vector_20
                0x000004e4                __vector_87
                0x000004e4                __vector_65
                0x000004e4                __vector_120
                0x000004e6                . = ALIGN (0x2)
 *(.text.*)
 .text.__portable_avr_delay_cycles
                0x000004e6        0xc src/ASF/common/components/display/st7565r/st7565r.o
 .text.st7565r_init
                0x000004f2      0x388 src/ASF/common/components/display/st7565r/st7565r.o
                0x000004f2                st7565r_init
 .text.sysclk_init
                0x0000087a       0x20 src/ASF/common/services/clock/xmega/sysclk.o
                0x0000087a                sysclk_init
 .text.sysclk_enable_module
                0x0000089a       0x18 src/ASF/common/services/clock/xmega/sysclk.o
                0x0000089a                sysclk_enable_module
 .text.gfx_mono_st7565r_put_byte
                0x000008b2      0x14e src/ASF/common/services/gfx_mono/gfx_mono_c12832_a1z.o
                0x000008b2                gfx_mono_st7565r_put_byte
 .text.gfx_mono_st7565r_init
                0x00000a00       0x84 src/ASF/common/services/gfx_mono/gfx_mono_c12832_a1z.o
                0x00000a00                gfx_mono_st7565r_init
 .text.gfx_mono_st7565r_draw_pixel
                0x00000a84       0x6c src/ASF/common/services/gfx_mono/gfx_mono_c12832_a1z.o
                0x00000a84                gfx_mono_st7565r_draw_pixel
 .text.gfx_mono_st7565r_get_byte
                0x00000af0        0x4 src/ASF/common/services/gfx_mono/gfx_mono_c12832_a1z.o
                0x00000af0                gfx_mono_st7565r_get_byte
 .text.gfx_mono_set_framebuffer
                0x00000af4        0xa src/ASF/common/services/gfx_mono/gfx_mono_framebuffer.o
                0x00000af4                gfx_mono_set_framebuffer
 .text.gfx_mono_framebuffer_put_byte
                0x00000afe       0x1c src/ASF/common/services/gfx_mono/gfx_mono_framebuffer.o
                0x00000afe                gfx_mono_framebuffer_put_byte
 .text.gfx_mono_framebuffer_get_byte
                0x00000b1a       0x1c src/ASF/common/services/gfx_mono/gfx_mono_framebuffer.o
                0x00000b1a                gfx_mono_framebuffer_get_byte
 .text.gfx_mono_generic_draw_horizontal_line
                0x00000b36       0xc4 src/ASF/common/services/gfx_mono/gfx_mono_generic.o
                0x00000b36                gfx_mono_generic_draw_horizontal_line
 .text.gfx_mono_generic_draw_filled_rect
                0x00000bfa       0x34 src/ASF/common/services/gfx_mono/gfx_mono_generic.o
                0x00000bfa                gfx_mono_generic_draw_filled_rect
 .text.gfx_mono_draw_char
                0x00000c2e       0xba src/ASF/common/services/gfx_mono/gfx_mono_text.o
                0x00000c2e                gfx_mono_draw_char
 .text.gfx_mono_draw_string
                0x00000ce8       0x52 src/ASF/common/services/gfx_mono/gfx_mono_text.o
                0x00000ce8                gfx_mono_draw_string
 .text.usart_spi_init
                0x00000d3a       0x5e src/ASF/common/services/spi/xmega_usart_spi/usart_spi.o
                0x00000d3a                usart_spi_init
 .text.usart_spi_setup_device
                0x00000d98       0x34 src/ASF/common/services/spi/xmega_usart_spi/usart_spi.o
                0x00000d98                usart_spi_setup_device
 .text.usart_spi_select_device
                0x00000dcc       0x2c src/ASF/common/services/spi/xmega_usart_spi/usart_spi.o
                0x00000dcc                usart_spi_select_device
 .text.usart_spi_deselect_device
                0x00000df8       0x2c src/ASF/common/services/spi/xmega_usart_spi/usart_spi.o
                0x00000df8                usart_spi_deselect_device
 .text.__vector_71
                0x00000e24       0x64 src/ASF/xmega/drivers/adc/xmega_aau/adc_aau.o
                0x00000e24                __vector_71
 .text.__vector_72
                0x00000e88       0x64 src/ASF/xmega/drivers/adc/xmega_aau/adc_aau.o
                0x00000e88                __vector_72
 .text.__vector_73
                0x00000eec       0x64 src/ASF/xmega/drivers/adc/xmega_aau/adc_aau.o
                0x00000eec                __vector_73
 .text.__vector_74
                0x00000f50       0x64 src/ASF/xmega/drivers/adc/xmega_aau/adc_aau.o
                0x00000f50                __vector_74
 .text.__vector_39
                0x00000fb4       0x64 src/ASF/xmega/drivers/adc/xmega_aau/adc_aau.o
                0x00000fb4                __vector_39
 .text.__vector_40
                0x00001018       0x64 src/ASF/xmega/drivers/adc/xmega_aau/adc_aau.o
                0x00001018                __vector_40
 .text.__vector_41
                0x0000107c       0x64 src/ASF/xmega/drivers/adc/xmega_aau/adc_aau.o
                0x0000107c                __vector_41
 .text.__vector_42
                0x000010e0       0x64 src/ASF/xmega/drivers/adc/xmega_aau/adc_aau.o
                0x000010e0                __vector_42
 .text.rtc_get_time
                0x00001144       0x22 src/ASF/xmega/drivers/rtc32/rtc32.o
                0x00001144                rtc_get_time
 .text.__vector_11
                0x00001166       0x6a src/ASF/xmega/drivers/rtc32/rtc32.o
                0x00001166                __vector_11
 .text.usart_getchar
                0x000011d0        0xc src/ASF/xmega/drivers/usart/usart.o
                0x000011d0                usart_getchar
 .text.usart_set_baudrate
                0x000011dc      0x226 src/ASF/xmega/drivers/usart/usart.o
                0x000011dc                usart_set_baudrate
 .text.usart_init_rs232
                0x00001402      0x222 src/ASF/xmega/drivers/usart/usart.o
                0x00001402                usart_init_rs232
 .text.usart_spi_set_baudrate
                0x00001624       0x64 src/ASF/xmega/drivers/usart/usart.o
                0x00001624                usart_spi_set_baudrate
 .text.usart_init_spi
                0x00001688      0x33a src/ASF/xmega/drivers/usart/usart.o
                0x00001688                usart_init_spi
 .text.vListInitialise
                0x000019c2       0x1c src/FreeRTOS/list.o
                0x000019c2                vListInitialise
 .text.vListInitialiseItem
                0x000019de        0x8 src/FreeRTOS/list.o
                0x000019de                vListInitialiseItem
 .text.vListInsertEnd
                0x000019e6       0x42 src/FreeRTOS/list.o
                0x000019e6                vListInsertEnd
 .text.vListInsert
                0x00001a28       0x62 src/FreeRTOS/list.o
                0x00001a28                vListInsert
 .text.uxListRemove
                0x00001a8a       0x4c src/FreeRTOS/list.o
                0x00001a8a                uxListRemove
 .text.pxPortInitialiseStack
                0x00001ad6       0xee src/FreeRTOS/portable/GCC/ATXmega256A3BU/port.o
                0x00001ad6                pxPortInitialiseStack
 .text.xPortStartScheduler
                0x00001bc4       0x8a src/FreeRTOS/portable/GCC/ATXmega256A3BU/port.o
                0x00001bc4                xPortStartScheduler
 .text.vPortYield
                0x00001c4e       0xb0 src/FreeRTOS/portable/GCC/ATXmega256A3BU/port.o
                0x00001c4e                vPortYield
 .text.__vector_14
                0x00001cfe       0xb4 src/FreeRTOS/portable/GCC/ATXmega256A3BU/port.o
                0x00001cfe                __vector_14
 .text.pvPortMalloc
                0x00001db2       0x1a src/FreeRTOS/portable/MemMang/heap_3.o
                0x00001db2                pvPortMalloc
 .text.vPortFree
                0x00001dcc       0x1a src/FreeRTOS/portable/MemMang/heap_3.o
                0x00001dcc                vPortFree
 .text.prvCopyDataToQueue
                0x00001de6       0x96 src/FreeRTOS/queue.o
 .text.prvCopyDataFromQueue
                0x00001e7c       0x34 src/FreeRTOS/queue.o
 .text.prvUnlockQueue
                0x00001eb0       0x90 src/FreeRTOS/queue.o
 .text.xQueueGenericReset
                0x00001f40       0x72 src/FreeRTOS/queue.o
                0x00001f40                xQueueGenericReset
 .text.xQueueGenericCreate
                0x00001fb2       0x52 src/FreeRTOS/queue.o
                0x00001fb2                xQueueGenericCreate
 .text.xQueueGenericSend
                0x00002004      0x11a src/FreeRTOS/queue.o
                0x00002004                xQueueGenericSend
 .text.xQueueGenericSendFromISR
                0x0000211e       0x6c src/FreeRTOS/queue.o
                0x0000211e                xQueueGenericSendFromISR
 .text.xQueueGenericReceive
                0x0000218a      0x12e src/FreeRTOS/queue.o
                0x0000218a                xQueueGenericReceive
 .text.vQueueWaitForMessageRestricted
                0x000022b8       0x36 src/FreeRTOS/queue.o
                0x000022b8                vQueueWaitForMessageRestricted
 .text.prvIdleTask
                0x000022ee        0xe src/FreeRTOS/tasks.o
 .text.prvAddCurrentTaskToDelayedList
                0x000022fc       0x6a src/FreeRTOS/tasks.o
 .text.xTaskGenericCreate
                0x00002366      0x202 src/FreeRTOS/tasks.o
                0x00002366                xTaskGenericCreate
 .text.vTaskStartScheduler
                0x00002568       0x66 src/FreeRTOS/tasks.o
                0x00002568                vTaskStartScheduler
 .text.vTaskSuspendAll
                0x000025ce        0xc src/FreeRTOS/tasks.o
                0x000025ce                vTaskSuspendAll
 .text.xTaskGetTickCount
                0x000025da       0x14 src/FreeRTOS/tasks.o
                0x000025da                xTaskGetTickCount
 .text.xTaskIncrementTick
                0x000025ee      0x1a6 src/FreeRTOS/tasks.o
                0x000025ee                xTaskIncrementTick
 .text.xTaskResumeAll
                0x00002794       0xfa src/FreeRTOS/tasks.o
                0x00002794                xTaskResumeAll
 .text.vTaskDelay
                0x0000288e       0x36 src/FreeRTOS/tasks.o
                0x0000288e                vTaskDelay
 .text.vTaskSwitchContext
                0x000028c4       0xda src/FreeRTOS/tasks.o
                0x000028c4                vTaskSwitchContext
 .text.vTaskPlaceOnEventList
                0x0000299e       0x34 src/FreeRTOS/tasks.o
                0x0000299e                vTaskPlaceOnEventList
 .text.vTaskPlaceOnEventListRestricted
                0x000029d2       0x34 src/FreeRTOS/tasks.o
                0x000029d2                vTaskPlaceOnEventListRestricted
 .text.xTaskRemoveFromEventList
                0x00002a06       0x8c src/FreeRTOS/tasks.o
                0x00002a06                xTaskRemoveFromEventList
 .text.vTaskSetTimeOutState
                0x00002a92       0x16 src/FreeRTOS/tasks.o
                0x00002a92                vTaskSetTimeOutState
 .text.xTaskCheckForTimeOut
                0x00002aa8       0x62 src/FreeRTOS/tasks.o
                0x00002aa8                xTaskCheckForTimeOut
 .text.vTaskMissedYield
                0x00002b0a        0x8 src/FreeRTOS/tasks.o
                0x00002b0a                vTaskMissedYield
 .text.xTaskGetSchedulerState
                0x00002b12       0x1c src/FreeRTOS/tasks.o
                0x00002b12                xTaskGetSchedulerState
 .text.prvInsertTimerInActiveList
                0x00002b2e       0x5e src/FreeRTOS/timers.o
 .text.prvCheckForValidListAndQueue
                0x00002b8c       0x50 src/FreeRTOS/timers.o
 .text.xTimerCreateTimerTask
                0x00002bdc       0x50 src/FreeRTOS/timers.o
                0x00002bdc                xTimerCreateTimerTask
 .text.xTimerCreate
                0x00002c2c       0x6c src/FreeRTOS/timers.o
                0x00002c2c                xTimerCreate
 .text.xTimerGenericCommand
                0x00002c98       0x84 src/FreeRTOS/timers.o
                0x00002c98                xTimerGenericCommand
 .text.prvSampleTimeNow
                0x00002d1c       0xdc src/FreeRTOS/timers.o
 .text.prvTimerTask
                0x00002df8      0x1b6 src/FreeRTOS/timers.o
 .text.ioport_configure_port_pin
                0x00002fae       0x4e src/ASF/common/services/ioport/xmega/ioport_compat.o
                0x00002fae                ioport_configure_port_pin
 .text.board_init
                0x00002ffc      0x13a src/ASF/xmega/boards/xmega_a3bu_xplained/init.o
                0x00002ffc                board_init
 .text.vTimerCallback
                0x00003136       0x28 src/main.o
                0x00003136                vTimerCallback
 .text.testLamp
                0x0000315e       0x84 src/main.o
 .text.testLCD  0x000031e2       0xcc src/main.o
 .text.PWM_Init
                0x000032ae       0x28 src/main.o
                0x000032ae                PWM_Init
 .text.testServo
                0x000032d6       0x78 src/main.o
 .text.setUpSerial
                0x0000334e       0x30 src/main.o
                0x0000334e                setUpSerial
 .text.receiveString
                0x0000337e       0x64 src/main.o
                0x0000337e                receiveString
 .text.receivePing
                0x000033e2        0xa src/main.o
 .text.receiveStringE
                0x000033ec       0x64 src/main.o
                0x000033ec                receiveStringE
 .text.receivePingE
                0x00003450        0xa src/main.o
 .text.main     0x0000345a      0x124 src/main.o
                0x0000345a                main
 .text.libgcc.div
                0x0000357e       0x26 c:/program files (x86)/atmel/studio/7.0/toolchain/avr8/avr8-gnu-toolchain/bin/../lib/gcc/avr/5.4.0/avrxmega6\libgcc.a(_divmodhi4.o)
                0x0000357e                _div
                0x0000357e                __divmodhi4
 .text.libgcc.div
                0x000035a4       0x44 c:/program files (x86)/atmel/studio/7.0/toolchain/avr8/avr8-gnu-toolchain/bin/../lib/gcc/avr/5.4.0/avrxmega6\libgcc.a(_udivmodsi4.o)
                0x000035a4                __udivmodsi4
 .text.libgcc   0x000035e8       0x10 c:/program files (x86)/atmel/studio/7.0/toolchain/avr8/avr8-gnu-toolchain/bin/../lib/gcc/avr/5.4.0/avrxmega6\libgcc.a(_tablejump2.o)
                0x000035e8                __tablejump2__
 .text.libgcc.div
                0x000035f8       0x28 c:/program files (x86)/atmel/studio/7.0/toolchain/avr8/avr8-gnu-toolchain/bin/../lib/gcc/avr/5.4.0/avrxmega6\libgcc.a(_udivmodhi4.o)
                0x000035f8                __udivmodhi4
 .text.avr-libc
                0x00003620      0x242 c:/program files (x86)/atmel/studio/7.0/toolchain/avr8/avr8-gnu-toolchain/bin/../lib/gcc/avr/5.4.0/../../../../avr/lib/avrxmega6\libc.a(malloc.o)
                0x00003620                malloc
                0x00003750                free
 .text.avr-libc
                0x00003862       0x12 c:/program files (x86)/atmel/studio/7.0/toolchain/avr8/avr8-gnu-toolchain/bin/../lib/gcc/avr/5.4.0/../../../../avr/lib/avrxmega6\libc.a(memcpy.o)
                0x00003862                memcpy
 .text.avr-libc
                0x00003874       0x12 c:/program files (x86)/atmel/studio/7.0/toolchain/avr8/avr8-gnu-toolchain/bin/../lib/gcc/avr/5.4.0/../../../../avr/lib/avrxmega6\libc.a(strcmp.o)
                0x00003874                strcmp
 .text.avr-libc
                0x00003886       0x6c c:/program files (x86)/atmel/studio/7.0/toolchain/avr8/avr8-gnu-toolchain/bin/../lib/gcc/avr/5.4.0/../../../../avr/lib/avrxmega6\libc.a(snprintf.o)
                0x00003886                snprintf
 .text.avr-libc
                0x000038f2      0x3ee c:/program files (x86)/atmel/studio/7.0/toolchain/avr8/avr8-gnu-toolchain/bin/../lib/gcc/avr/5.4.0/../../../../avr/lib/avrxmega6\libc.a(vfprintf_std.o)
                0x000038f2                vfprintf
 .text.avr-libc
                0x00003ce0       0x16 c:/program files (x86)/atmel/studio/7.0/toolchain/avr8/avr8-gnu-toolchain/bin/../lib/gcc/avr/5.4.0/../../../../avr/lib/avrxmega6\libc.a(strnlen_P.o)
                0x00003ce0                strnlen_P
 .text.avr-libc
                0x00003cf6       0x16 c:/program files (x86)/atmel/studio/7.0/toolchain/avr8/avr8-gnu-toolchain/bin/../lib/gcc/avr/5.4.0/../../../../avr/lib/avrxmega6\libc.a(strnlen.o)
                0x00003cf6                strnlen
 .text.avr-libc
                0x00003d0c       0x78 c:/program files (x86)/atmel/studio/7.0/toolchain/avr8/avr8-gnu-toolchain/bin/../lib/gcc/avr/5.4.0/../../../../avr/lib/avrxmega6\libc.a(fputc.o)
                0x00003d0c                fputc
 .text.avr-libc
                0x00003d84       0xbc c:/program files (x86)/atmel/studio/7.0/toolchain/avr8/avr8-gnu-toolchain/bin/../lib/gcc/avr/5.4.0/../../../../avr/lib/avrxmega6\libc.a(ultoa_invert.o)
                0x00003d84                __ultoa_invert
                0x00003e40                . = ALIGN (0x2)
 *(.fini9)
 .fini9         0x00003e40        0x0 c:/program files (x86)/atmel/studio/7.0/toolchain/avr8/avr8-gnu-toolchain/bin/../lib/gcc/avr/5.4.0/avrxmega6\libgcc.a(_exit.o)
                0x00003e40                _exit
                0x00003e40                exit
 *(.fini9)
 *(.fini8)
 *(.fini8)
 *(.fini7)
 *(.fini7)
 *(.fini6)
 *(.fini6)
 *(.fini5)
 *(.fini5)
 *(.fini4)
 *(.fini4)
 *(.fini3)
 *(.fini3)
 *(.fini2)
 *(.fini2)
 *(.fini1)
 *(.fini1)
 *(.fini0)
 .fini0         0x00003e40        0x4 c:/program files (x86)/atmel/studio/7.0/toolchain/avr8/avr8-gnu-toolchain/bin/../lib/gcc/avr/5.4.0/avrxmega6\libgcc.a(_exit.o)
 *(.fini0)
                0x00003e44                _etext = .

.data           0x00802000       0x62 load address 0x00003e44
                0x00802000                PROVIDE (__data_start, .)
 *(.data)
 .data          0x00802000        0x6 c:/program files (x86)/atmel/studio/7.0/toolchain/avr8/avr8-gnu-toolchain/bin/../lib/gcc/avr/5.4.0/../../../../avr/lib/avrxmega6\libc.a(malloc.o)
                0x00802000                __malloc_heap_end
                0x00802002                __malloc_heap_start
                0x00802004                __malloc_margin
 *(.data*)
 .data.sysfont  0x00802006        0x7 src/ASF/common/services/gfx_mono/sysfont.o
                0x00802006                sysfont
 .data.USART_SERIAL_OPTIONS.6560
                0x0080200d        0x7 src/main.o
 .data.str2     0x00802014        0x2 src/main.o
                0x00802014                str2
 .data.str1     0x00802016        0x2 src/main.o
                0x00802016                str1
 *(.rodata)
 *(.rodata*)
 .rodata.str1.1
                0x00802018        0x5 src/FreeRTOS/tasks.o
 .rodata.str1.1
                0x0080201d        0x8 src/FreeRTOS/timers.o
 .rodata.str1.1
                0x00802025       0x3c src/main.o
                                 0x3d (size before relaxing)
 *(.gnu.linkonce.d*)
                0x00802062                . = ALIGN (0x2)
 *fill*         0x00802061        0x1 
                0x00802062                _edata = .
                0x00802062                PROVIDE (__data_end, .)

.bss            0x00802062      0x41b
                0x00802062                PROVIDE (__bss_start, .)
 *(.bss)
 *(.bss*)
 .bss.framebuffer
                0x00802062      0x200 src/ASF/common/services/gfx_mono/gfx_mono_c12832_a1z.o
 .bss.fbpointer
                0x00802262        0x2 src/ASF/common/services/gfx_mono/gfx_mono_framebuffer.o
 .bss.uxSchedulerSuspended
                0x00802264        0x1 src/FreeRTOS/tasks.o
 .bss.xNextTaskUnblockTime
                0x00802265        0x2 src/FreeRTOS/tasks.o
 .bss.uxTaskNumber
                0x00802267        0x1 src/FreeRTOS/tasks.o
 .bss.xNumOfOverflows
                0x00802268        0x1 src/FreeRTOS/tasks.o
 .bss.xYieldPending
                0x00802269        0x1 src/FreeRTOS/tasks.o
 .bss.uxPendedTicks
                0x0080226a        0x1 src/FreeRTOS/tasks.o
 .bss.xSchedulerRunning
                0x0080226b        0x1 src/FreeRTOS/tasks.o
 .bss.uxTopReadyPriority
                0x0080226c        0x1 src/FreeRTOS/tasks.o
 .bss.xTickCount
                0x0080226d        0x2 src/FreeRTOS/tasks.o
 .bss.uxCurrentNumberOfTasks
                0x0080226f        0x1 src/FreeRTOS/tasks.o
 .bss.xPendingReadyList
                0x00802270        0x9 src/FreeRTOS/tasks.o
 .bss.pxOverflowDelayedTaskList
                0x00802279        0x2 src/FreeRTOS/tasks.o
 .bss.pxDelayedTaskList
                0x0080227b        0x2 src/FreeRTOS/tasks.o
 .bss.xDelayedTaskList2
                0x0080227d        0x9 src/FreeRTOS/tasks.o
 .bss.xDelayedTaskList1
                0x00802286        0x9 src/FreeRTOS/tasks.o
 .bss.pxReadyTasksLists
                0x0080228f       0x2d src/FreeRTOS/tasks.o
 .bss.pxCurrentTCB
                0x008022bc        0x2 src/FreeRTOS/tasks.o
                0x008022bc                pxCurrentTCB
 .bss.xLastTime.4459
                0x008022be        0x2 src/FreeRTOS/timers.o
 .bss.xTimerQueue
                0x008022c0        0x2 src/FreeRTOS/timers.o
 .bss.pxOverflowTimerList
                0x008022c2        0x2 src/FreeRTOS/timers.o
 .bss.pxCurrentTimerList
                0x008022c4        0x2 src/FreeRTOS/timers.o
 .bss.xActiveTimerList2
                0x008022c6        0x9 src/FreeRTOS/timers.o
 .bss.xActiveTimerList1
                0x008022cf        0x9 src/FreeRTOS/timers.o
 .bss.empty     0x008022d8        0x2 src/main.o
                0x008022d8                empty
 .bss.waiting   0x008022da        0x2 src/main.o
                0x008022da                waiting
 .bss.readse    0x008022dc       0x64 src/main.o
 .bss.reads     0x00802340       0x64 src/main.o
 .bss.orang     0x008023a4        0x2 src/main.o
                0x008023a4                orang
 .bss.strbuf    0x008023a6       0xc9 src/main.o
 .bss.increment
                0x0080246f        0x4 src/main.o
                0x0080246f                increment
 *(COMMON)
 COMMON         0x00802473        0x4 src/ASF/xmega/drivers/adc/adc.o
                0x00802473                adcb_callback
                0x00802475                adca_callback
 COMMON         0x00802477        0x2 src/ASF/xmega/drivers/rtc32/rtc32.o
                0x00802477                rtc_data
 COMMON         0x00802479        0x4 c:/program files (x86)/atmel/studio/7.0/toolchain/avr8/avr8-gnu-toolchain/bin/../lib/gcc/avr/5.4.0/../../../../avr/lib/avrxmega6\libc.a(malloc.o)
                0x00802479                __brkval
                0x0080247b                __flp
                0x0080247d                PROVIDE (__bss_end, .)
                0x00003e44                __data_load_start = LOADADDR (.data)
                0x00003ea6                __data_load_end = (__data_load_start + SIZEOF (.data))

.noinit         0x0080247d        0x0
                [!provide]                PROVIDE (__noinit_start, .)
 *(.noinit*)
                [!provide]                PROVIDE (__noinit_end, .)
                0x0080247d                _end = .
                0x0080247d                PROVIDE (__heap_start, .)

.eeprom         0x00810000        0x0
 *(.eeprom*)
                0x00810000                __eeprom_end = .

.fuse
 *(.fuse)
 *(.lfuse)
 *(.hfuse)
 *(.efuse)

.lock
 *(.lock*)

.signature
 *(.signature*)

.user_signatures
 *(.user_signatures*)

.stab
 *(.stab)

.stabstr
 *(.stabstr)

.stab.excl
 *(.stab.excl)

.stab.exclstr
 *(.stab.exclstr)

.stab.index
 *(.stab.index)

.stab.indexstr
 *(.stab.indexstr)

.comment        0x00000000       0x5c
 *(.comment)
 .comment       0x00000000       0x30 src/ASF/common/components/display/st7565r/st7565r.o
                                 0x31 (size before relaxing)
 .comment       0x00000030       0x31 src/ASF/common/services/clock/xmega/sysclk.o
 .comment       0x00000030       0x31 src/ASF/common/services/gfx_mono/gfx_mono_c12832_a1z.o
 .comment       0x00000030       0x31 src/ASF/common/services/gfx_mono/gfx_mono_framebuffer.o
 .comment       0x00000030       0x31 src/ASF/common/services/gfx_mono/gfx_mono_generic.o
 .comment       0x00000030       0x31 src/ASF/common/services/gfx_mono/gfx_mono_text.o
 .comment       0x00000030       0x31 src/ASF/common/services/gfx_mono/sysfont.o
 .comment       0x00000030       0x31 src/ASF/common/services/spi/xmega_usart_spi/usart_spi.o
 .comment       0x00000030       0x31 src/ASF/xmega/drivers/adc/adc.o
 .comment       0x00000030       0x31 src/ASF/xmega/drivers/adc/xmega_aau/adc_aau.o
 .comment       0x00000030       0x31 src/ASF/xmega/drivers/rtc32/rtc32.o
 .comment       0x00000030       0x31 src/ASF/xmega/drivers/usart/usart.o
 .comment       0x00000030       0x31 src/FreeRTOS/list.o
 .comment       0x00000030       0x31 src/FreeRTOS/portable/GCC/ATXmega256A3BU/port.o
 .comment       0x00000030       0x31 src/FreeRTOS/portable/MemMang/heap_3.o
 .comment       0x00000030       0x31 src/FreeRTOS/queue.o
 .comment       0x00000030       0x31 src/FreeRTOS/tasks.o
 .comment       0x00000030       0x31 src/FreeRTOS/timers.o
 .comment       0x00000030       0x31 src/ASF/common/services/ioport/xmega/ioport_compat.o
 .comment       0x00000030       0x31 src/ASF/xmega/boards/xmega_a3bu_xplained/init.o
 .comment       0x00000030       0x31 src/main.o
 .comment       0x00000030       0x31 c:/program files (x86)/atmel/studio/7.0/toolchain/avr8/avr8-gnu-toolchain/bin/../lib/gcc/avr/5.4.0/../../../../avr/lib/avrxmega6\libc.a(malloc.o)
 .comment       0x00000030       0x31 c:/program files (x86)/atmel/studio/7.0/toolchain/avr8/avr8-gnu-toolchain/bin/../lib/gcc/avr/5.4.0/../../../../avr/lib/avrxmega6\libc.a(snprintf.o)
 .comment       0x00000030       0x2c c:/program files (x86)/atmel/studio/7.0/toolchain/avr8/avr8-gnu-toolchain/bin/../lib/gcc/avr/5.4.0/../../../../avr/lib/avrxmega6\libc.a(vfprintf_std.o)
                                 0x2d (size before relaxing)
 .comment       0x0000005c       0x31 c:/program files (x86)/atmel/studio/7.0/toolchain/avr8/avr8-gnu-toolchain/bin/../lib/gcc/avr/5.4.0/../../../../avr/lib/avrxmega6\libc.a(fputc.o)

.note.gnu.avr.deviceinfo
                0x00000000       0x44
 .note.gnu.avr.deviceinfo
                0x00000000       0x44 C:/Program Files (x86)/Atmel/Studio/7.0/Packs/atmel/XMEGAA_DFP/1.1.68/gcc/dev/atxmega256a3bu/avrxmega6/crtatxmega256a3bu.o

.note.gnu.build-id
 *(.note.gnu.build-id)

.debug
 *(.debug)

.line
 *(.line)

.debug_srcinfo
 *(.debug_srcinfo)

.debug_sfnames
 *(.debug_sfnames)

.debug_aranges  0x00000000      0x718
 *(.debug_aranges)
 .debug_aranges
                0x00000000       0x28 src/ASF/common/components/display/st7565r/st7565r.o
 .debug_aranges
                0x00000028       0x40 src/ASF/common/services/clock/xmega/sysclk.o
 .debug_aranges
                0x00000068       0x60 src/ASF/common/services/gfx_mono/gfx_mono_c12832_a1z.o
 .debug_aranges
                0x000000c8       0x58 src/ASF/common/services/gfx_mono/gfx_mono_framebuffer.o
 .debug_aranges
                0x00000120       0x58 src/ASF/common/services/gfx_mono/gfx_mono_generic.o
 .debug_aranges
                0x00000178       0x40 src/ASF/common/services/gfx_mono/gfx_mono_text.o
 .debug_aranges
                0x000001b8       0x18 src/ASF/common/services/gfx_mono/sysfont.o
 .debug_aranges
                0x000001d0       0x48 src/ASF/common/services/spi/xmega_usart_spi/usart_spi.o
 .debug_aranges
                0x00000218       0x48 src/ASF/xmega/drivers/adc/adc.o
 .debug_aranges
                0x00000260       0x78 src/ASF/xmega/drivers/adc/xmega_aau/adc_aau.o
 .debug_aranges
                0x000002d8       0x60 src/ASF/xmega/drivers/rtc32/rtc32.o
 .debug_aranges
                0x00000338       0x58 src/ASF/xmega/drivers/usart/usart.o
 .debug_aranges
                0x00000390       0x40 src/FreeRTOS/list.o
 .debug_aranges
                0x000003d0       0x38 src/FreeRTOS/portable/GCC/ATXmega256A3BU/port.o
 .debug_aranges
                0x00000408       0x28 src/FreeRTOS/portable/MemMang/heap_3.o
 .debug_aranges
                0x00000430       0xa8 src/FreeRTOS/queue.o
 .debug_aranges
                0x000004d8      0x108 src/FreeRTOS/tasks.o
 .debug_aranges
                0x000005e0       0x70 src/FreeRTOS/timers.o
 .debug_aranges
                0x00000650       0x20 src/ASF/common/services/ioport/xmega/ioport_compat.o
 .debug_aranges
                0x00000670       0x20 src/ASF/xmega/boards/xmega_a3bu_xplained/init.o
 .debug_aranges
                0x00000690       0x88 src/main.o

.debug_pubnames
 *(.debug_pubnames)

.debug_info     0x00000000    0x1510d
 *(.debug_info .gnu.linkonce.wi.*)
 .debug_info    0x00000000     0x3379 C:/Program Files (x86)/Atmel/Studio/7.0/Packs/atmel/XMEGAA_DFP/1.1.68/gcc/dev/atxmega256a3bu/avrxmega6/crtatxmega256a3bu.o
 .debug_info    0x00003379     0x1945 src/ASF/common/components/display/st7565r/st7565r.o
 .debug_info    0x00004cbe      0x720 src/ASF/common/services/clock/xmega/sysclk.o
 .debug_info    0x000053de     0x1de2 src/ASF/common/services/gfx_mono/gfx_mono_c12832_a1z.o
 .debug_info    0x000071c0      0x487 src/ASF/common/services/gfx_mono/gfx_mono_framebuffer.o
 .debug_info    0x00007647      0xc10 src/ASF/common/services/gfx_mono/gfx_mono_generic.o
 .debug_info    0x00008257      0x71b src/ASF/common/services/gfx_mono/gfx_mono_text.o
 .debug_info    0x00008972      0x1af src/ASF/common/services/gfx_mono/sysfont.o
 .debug_info    0x00008b21      0xb7e src/ASF/common/services/spi/xmega_usart_spi/usart_spi.o
 .debug_info    0x0000969f      0xa9b src/ASF/xmega/drivers/adc/adc.o
 .debug_info    0x0000a13a      0xe8e src/ASF/xmega/drivers/adc/xmega_aau/adc_aau.o
 .debug_info    0x0000afc8      0x720 src/ASF/xmega/drivers/rtc32/rtc32.o
 .debug_info    0x0000b6e8     0x2ce7 src/ASF/xmega/drivers/usart/usart.o
 .debug_info    0x0000e3cf      0x2d1 src/FreeRTOS/list.o
 .debug_info    0x0000e6a0      0x9ff src/FreeRTOS/portable/GCC/ATXmega256A3BU/port.o
 .debug_info    0x0000f09f      0x175 src/FreeRTOS/portable/MemMang/heap_3.o
 .debug_info    0x0000f214      0xf92 src/FreeRTOS/queue.o
 .debug_info    0x000101a6     0x1672 src/FreeRTOS/tasks.o
 .debug_info    0x00011818      0xe70 src/FreeRTOS/timers.o
 .debug_info    0x00012688      0x121 src/ASF/common/services/ioport/xmega/ioport_compat.o
 .debug_info    0x000127a9      0xaeb src/ASF/xmega/boards/xmega_a3bu_xplained/init.o
 .debug_info    0x00013294     0x1e79 src/main.o

.debug_abbrev   0x00000000     0x6134
 *(.debug_abbrev)
 .debug_abbrev  0x00000000     0x30c4 C:/Program Files (x86)/Atmel/Studio/7.0/Packs/atmel/XMEGAA_DFP/1.1.68/gcc/dev/atxmega256a3bu/avrxmega6/crtatxmega256a3bu.o
 .debug_abbrev  0x000030c4      0x2a0 src/ASF/common/components/display/st7565r/st7565r.o
 .debug_abbrev  0x00003364      0x20f src/ASF/common/services/clock/xmega/sysclk.o
 .debug_abbrev  0x00003573      0x385 src/ASF/common/services/gfx_mono/gfx_mono_c12832_a1z.o
 .debug_abbrev  0x000038f8      0x174 src/ASF/common/services/gfx_mono/gfx_mono_framebuffer.o
 .debug_abbrev  0x00003a6c      0x1ac src/ASF/common/services/gfx_mono/gfx_mono_generic.o
 .debug_abbrev  0x00003c18      0x21c src/ASF/common/services/gfx_mono/gfx_mono_text.o
 .debug_abbrev  0x00003e34       0xe2 src/ASF/common/services/gfx_mono/sysfont.o
 .debug_abbrev  0x00003f16      0x2d8 src/ASF/common/services/spi/xmega_usart_spi/usart_spi.o
 .debug_abbrev  0x000041ee      0x2d6 src/ASF/xmega/drivers/adc/adc.o
 .debug_abbrev  0x000044c4      0x335 src/ASF/xmega/drivers/adc/xmega_aau/adc_aau.o
 .debug_abbrev  0x000047f9      0x2ed src/ASF/xmega/drivers/rtc32/rtc32.o
 .debug_abbrev  0x00004ae6      0x3f5 src/ASF/xmega/drivers/usart/usart.o
 .debug_abbrev  0x00004edb       0xfb src/FreeRTOS/list.o
 .debug_abbrev  0x00004fd6      0x1b3 src/FreeRTOS/portable/GCC/ATXmega256A3BU/port.o
 .debug_abbrev  0x00005189       0xdc src/FreeRTOS/portable/MemMang/heap_3.o
 .debug_abbrev  0x00005265      0x252 src/FreeRTOS/queue.o
 .debug_abbrev  0x000054b7      0x2ff src/FreeRTOS/tasks.o
 .debug_abbrev  0x000057b6      0x2e8 src/FreeRTOS/timers.o
 .debug_abbrev  0x00005a9e       0x95 src/ASF/common/services/ioport/xmega/ioport_compat.o
 .debug_abbrev  0x00005b33      0x14a src/ASF/xmega/boards/xmega_a3bu_xplained/init.o
 .debug_abbrev  0x00005c7d      0x4b7 src/main.o

.debug_line     0x00000000     0xba61
 *(.debug_line .debug_line.* .debug_line_end)
 .debug_line    0x00000000      0x39d C:/Program Files (x86)/Atmel/Studio/7.0/Packs/atmel/XMEGAA_DFP/1.1.68/gcc/dev/atxmega256a3bu/avrxmega6/crtatxmega256a3bu.o
 .debug_line    0x0000039d      0xac1 src/ASF/common/components/display/st7565r/st7565r.o
 .debug_line    0x00000e5e      0x608 src/ASF/common/services/clock/xmega/sysclk.o
 .debug_line    0x00001466      0xda7 src/ASF/common/services/gfx_mono/gfx_mono_c12832_a1z.o
 .debug_line    0x0000220d      0x918 src/ASF/common/services/gfx_mono/gfx_mono_framebuffer.o
 .debug_line    0x00002b25      0xc05 src/ASF/common/services/gfx_mono/gfx_mono_generic.o
 .debug_line    0x0000372a      0x9a2 src/ASF/common/services/gfx_mono/gfx_mono_text.o
 .debug_line    0x000040cc      0x7c2 src/ASF/common/services/gfx_mono/sysfont.o
 .debug_line    0x0000488e      0x7d6 src/ASF/common/services/spi/xmega_usart_spi/usart_spi.o
 .debug_line    0x00005064      0x789 src/ASF/xmega/drivers/adc/adc.o
 .debug_line    0x000057ed      0x95d src/ASF/xmega/drivers/adc/xmega_aau/adc_aau.o
 .debug_line    0x0000614a      0x792 src/ASF/xmega/drivers/rtc32/rtc32.o
 .debug_line    0x000068dc      0xc93 src/ASF/xmega/drivers/usart/usart.o
 .debug_line    0x0000756f      0x442 src/FreeRTOS/list.o
 .debug_line    0x000079b1      0x4cc src/FreeRTOS/portable/GCC/ATXmega256A3BU/port.o
 .debug_line    0x00007e7d      0x390 src/FreeRTOS/portable/MemMang/heap_3.o
 .debug_line    0x0000820d      0xa01 src/FreeRTOS/queue.o
 .debug_line    0x00008c0e      0xe24 src/FreeRTOS/tasks.o
 .debug_line    0x00009a32      0x6e0 src/FreeRTOS/timers.o
 .debug_line    0x0000a112      0x4b4 src/ASF/common/services/ioport/xmega/ioport_compat.o
 .debug_line    0x0000a5c6      0x4df src/ASF/xmega/boards/xmega_a3bu_xplained/init.o
 .debug_line    0x0000aaa5      0xfbc src/main.o

.debug_frame    0x00000000     0x1824
 *(.debug_frame)
 .debug_frame   0x00000000       0x68 src/ASF/common/components/display/st7565r/st7565r.o
 .debug_frame   0x00000068       0x64 src/ASF/common/services/clock/xmega/sysclk.o
 .debug_frame   0x000000cc      0x1b4 src/ASF/common/services/gfx_mono/gfx_mono_c12832_a1z.o
 .debug_frame   0x00000280       0xd0 src/ASF/common/services/gfx_mono/gfx_mono_framebuffer.o
 .debug_frame   0x00000350      0x214 src/ASF/common/services/gfx_mono/gfx_mono_generic.o
 .debug_frame   0x00000564      0x100 src/ASF/common/services/gfx_mono/gfx_mono_text.o
 .debug_frame   0x00000664       0x90 src/ASF/common/services/spi/xmega_usart_spi/usart_spi.o
 .debug_frame   0x000006f4       0x8c src/ASF/xmega/drivers/adc/adc.o
 .debug_frame   0x00000780      0x3a4 src/ASF/xmega/drivers/adc/xmega_aau/adc_aau.o
 .debug_frame   0x00000b24      0x10c src/ASF/xmega/drivers/rtc32/rtc32.o
 .debug_frame   0x00000c30      0x140 src/ASF/xmega/drivers/usart/usart.o
 .debug_frame   0x00000d70       0x88 src/FreeRTOS/list.o
 .debug_frame   0x00000df8       0x60 src/FreeRTOS/portable/GCC/ATXmega256A3BU/port.o
 .debug_frame   0x00000e58       0x4c src/FreeRTOS/portable/MemMang/heap_3.o
 .debug_frame   0x00000ea4      0x23c src/FreeRTOS/queue.o
 .debug_frame   0x000010e0      0x3d8 src/FreeRTOS/tasks.o
 .debug_frame   0x000014b8      0x180 src/FreeRTOS/timers.o
 .debug_frame   0x00001638       0x30 src/ASF/common/services/ioport/xmega/ioport_compat.o
 .debug_frame   0x00001668       0x24 src/ASF/xmega/boards/xmega_a3bu_xplained/init.o
 .debug_frame   0x0000168c      0x198 src/main.o

.debug_str      0x00000000    0x38693
 *(.debug_str)
 .debug_str     0x00000000     0x21e4 C:/Program Files (x86)/Atmel/Studio/7.0/Packs/atmel/XMEGAA_DFP/1.1.68/gcc/dev/atxmega256a3bu/avrxmega6/crtatxmega256a3bu.o
 .debug_str     0x000021e4    0x2a366 src/ASF/common/components/display/st7565r/st7565r.o
                              0x2abe6 (size before relaxing)
 .debug_str     0x0002c54a      0x3a0 src/ASF/common/services/clock/xmega/sysclk.o
                              0x29a3c (size before relaxing)
 .debug_str     0x0002c8ea      0xc05 src/ASF/common/services/gfx_mono/gfx_mono_c12832_a1z.o
                              0x2b4e7 (size before relaxing)
 .debug_str     0x0002d4ef       0xba src/ASF/common/services/gfx_mono/gfx_mono_framebuffer.o
                              0x2b102 (size before relaxing)
 .debug_str     0x0002d5a9      0x225 src/ASF/common/services/gfx_mono/gfx_mono_generic.o
                              0x2b245 (size before relaxing)
 .debug_str     0x0002d7ce      0x233 src/ASF/common/services/gfx_mono/gfx_mono_text.o
                              0x2b1d9 (size before relaxing)
 .debug_str     0x0002da01     0x10b0 src/ASF/common/services/gfx_mono/sysfont.o
                              0x2c036 (size before relaxing)
 .debug_str     0x0002eab1      0x1bb src/ASF/common/services/spi/xmega_usart_spi/usart_spi.o
                              0x2a232 (size before relaxing)
 .debug_str     0x0002ec6c      0xca4 src/ASF/xmega/drivers/adc/adc.o
                              0x2a37d (size before relaxing)
 .debug_str     0x0002f910      0x586 src/ASF/xmega/drivers/adc/xmega_aau/adc_aau.o
                              0x2a5dc (size before relaxing)
 .debug_str     0x0002fe96      0x343 src/ASF/xmega/drivers/rtc32/rtc32.o
                              0x29d8f (size before relaxing)
 .debug_str     0x000301d9      0x95a src/ASF/xmega/drivers/usart/usart.o
                              0x2ad71 (size before relaxing)
 .debug_str     0x00030b33     0x2cfc src/FreeRTOS/list.o
                              0x1cd06 (size before relaxing)
 .debug_str     0x0003382f     0x16bc src/FreeRTOS/portable/GCC/ATXmega256A3BU/port.o
                              0x1e7b2 (size before relaxing)
 .debug_str     0x00034eeb       0xca src/FreeRTOS/portable/MemMang/heap_3.o
                              0x1d3db (size before relaxing)
 .debug_str     0x00034fb5     0x11d9 src/FreeRTOS/queue.o
                              0x1e6ae (size before relaxing)
 .debug_str     0x0003618e     0x13b5 src/FreeRTOS/tasks.o
                              0x1ebc9 (size before relaxing)
 .debug_str     0x00037543      0x396 src/FreeRTOS/timers.o
                              0x1eb64 (size before relaxing)
 .debug_str     0x000378d9       0x77 src/ASF/common/services/ioport/xmega/ioport_compat.o
                              0x278f0 (size before relaxing)
 .debug_str     0x00037950       0xf7 src/ASF/xmega/boards/xmega_a3bu_xplained/init.o
                              0x2936a (size before relaxing)
 .debug_str     0x00037a47      0xc4c src/main.o
                              0x31951 (size before relaxing)

.debug_loc      0x00000000     0xaae0
 *(.debug_loc)
 .debug_loc     0x00000000      0x7d7 src/ASF/common/components/display/st7565r/st7565r.o
 .debug_loc     0x000007d7      0x226 src/ASF/common/services/clock/xmega/sysclk.o
 .debug_loc     0x000009fd     0x1382 src/ASF/common/services/gfx_mono/gfx_mono_c12832_a1z.o
 .debug_loc     0x00001d7f      0x61c src/ASF/common/services/gfx_mono/gfx_mono_framebuffer.o
 .debug_loc     0x0000239b     0x11c5 src/ASF/common/services/gfx_mono/gfx_mono_generic.o
 .debug_loc     0x00003560      0x9a2 src/ASF/common/services/gfx_mono/gfx_mono_text.o
 .debug_loc     0x00003f02      0x56c src/ASF/common/services/spi/xmega_usart_spi/usart_spi.o
 .debug_loc     0x0000446e      0x264 src/ASF/xmega/drivers/adc/adc.o
 .debug_loc     0x000046d2      0xcdc src/ASF/xmega/drivers/adc/xmega_aau/adc_aau.o
 .debug_loc     0x000053ae      0x1c4 src/ASF/xmega/drivers/rtc32/rtc32.o
 .debug_loc     0x00005572      0xec9 src/ASF/xmega/drivers/usart/usart.o
 .debug_loc     0x0000643b      0x145 src/FreeRTOS/list.o
 .debug_loc     0x00006580      0x2b0 src/FreeRTOS/portable/GCC/ATXmega256A3BU/port.o
 .debug_loc     0x00006830      0x102 src/FreeRTOS/portable/MemMang/heap_3.o
 .debug_loc     0x00006932     0x1159 src/FreeRTOS/queue.o
 .debug_loc     0x00007a8b     0x1932 src/FreeRTOS/tasks.o
 .debug_loc     0x000093bd      0xb8b src/FreeRTOS/timers.o
 .debug_loc     0x00009f48       0x66 src/ASF/common/services/ioport/xmega/ioport_compat.o
 .debug_loc     0x00009fae      0x3fa src/ASF/xmega/boards/xmega_a3bu_xplained/init.o
 .debug_loc     0x0000a3a8      0x738 src/main.o

.debug_macinfo
 *(.debug_macinfo)

.debug_weaknames
 *(.debug_weaknames)

.debug_funcnames
 *(.debug_funcnames)

.debug_typenames
 *(.debug_typenames)

.debug_varnames
 *(.debug_varnames)

.debug_pubtypes
 *(.debug_pubtypes)

.debug_ranges   0x00000000      0x8b8
 *(.debug_ranges)
 .debug_ranges  0x00000000       0x18 src/ASF/common/components/display/st7565r/st7565r.o
 .debug_ranges  0x00000018       0x30 src/ASF/common/services/clock/xmega/sysclk.o
 .debug_ranges  0x00000048      0x188 src/ASF/common/services/gfx_mono/gfx_mono_c12832_a1z.o
 .debug_ranges  0x000001d0       0x48 src/ASF/common/services/gfx_mono/gfx_mono_framebuffer.o
 .debug_ranges  0x00000218       0x48 src/ASF/common/services/gfx_mono/gfx_mono_generic.o
 .debug_ranges  0x00000260       0x30 src/ASF/common/services/gfx_mono/gfx_mono_text.o
 .debug_ranges  0x00000290       0x98 src/ASF/common/services/spi/xmega_usart_spi/usart_spi.o
 .debug_ranges  0x00000328       0x38 src/ASF/xmega/drivers/adc/adc.o
 .debug_ranges  0x00000360       0x68 src/ASF/xmega/drivers/adc/xmega_aau/adc_aau.o
 .debug_ranges  0x000003c8       0x50 src/ASF/xmega/drivers/rtc32/rtc32.o
 .debug_ranges  0x00000418       0x80 src/ASF/xmega/drivers/usart/usart.o
 .debug_ranges  0x00000498       0x30 src/FreeRTOS/list.o
 .debug_ranges  0x000004c8       0x28 src/FreeRTOS/portable/GCC/ATXmega256A3BU/port.o
 .debug_ranges  0x000004f0       0x18 src/FreeRTOS/portable/MemMang/heap_3.o
 .debug_ranges  0x00000508       0x98 src/FreeRTOS/queue.o
 .debug_ranges  0x000005a0      0x158 src/FreeRTOS/tasks.o
 .debug_ranges  0x000006f8       0xb0 src/FreeRTOS/timers.o
 .debug_ranges  0x000007a8       0x10 src/ASF/common/services/ioport/xmega/ioport_compat.o
 .debug_ranges  0x000007b8       0x10 src/ASF/xmega/boards/xmega_a3bu_xplained/init.o
 .debug_ranges  0x000007c8       0xf0 src/main.o

.debug_macro    0x00000000     0x3ac0
 *(.debug_macro)
 .debug_macro   0x00000000      0x276 src/ASF/common/components/display/st7565r/st7565r.o
 .debug_macro   0x00000276       0x82 src/ASF/common/components/display/st7565r/st7565r.o
 .debug_macro   0x000002f8      0x109 src/ASF/common/components/display/st7565r/st7565r.o
 .debug_macro   0x00000401       0x28 src/ASF/common/components/display/st7565r/st7565r.o
 .debug_macro   0x00000429       0x23 src/ASF/common/components/display/st7565r/st7565r.o
 .debug_macro   0x0000044c       0x3a src/ASF/common/components/display/st7565r/st7565r.o
 .debug_macro   0x00000486      0x100 src/ASF/common/components/display/st7565r/st7565r.o
 .debug_macro   0x00000586       0x34 src/ASF/common/components/display/st7565r/st7565r.o
 .debug_macro   0x000005ba       0x2e src/ASF/common/components/display/st7565r/st7565r.o
 .debug_macro   0x000005e8      0x1db src/ASF/common/services/clock/xmega/sysclk.o
 .debug_macro   0x000007c3       0x26 src/ASF/common/services/clock/xmega/sysclk.o
 .debug_macro   0x000007e9      0x2ba src/ASF/common/services/gfx_mono/gfx_mono_c12832_a1z.o
 .debug_macro   0x00000aa3       0x7a src/ASF/common/services/gfx_mono/gfx_mono_c12832_a1z.o
 .debug_macro   0x00000b1d       0x89 src/ASF/common/services/gfx_mono/gfx_mono_c12832_a1z.o
 .debug_macro   0x00000ba6      0x2ae src/ASF/common/services/gfx_mono/gfx_mono_framebuffer.o
 .debug_macro   0x00000e54      0x302 src/ASF/common/services/gfx_mono/gfx_mono_framebuffer.o
 .debug_macro   0x00001156      0x2ae src/ASF/common/services/gfx_mono/gfx_mono_generic.o
 .debug_macro   0x00001404      0x2d5 src/ASF/common/services/gfx_mono/gfx_mono_text.o
 .debug_macro   0x000016d9       0xaa src/ASF/common/services/gfx_mono/gfx_mono_text.o
 .debug_macro   0x00001783      0x2db src/ASF/common/services/gfx_mono/sysfont.o
 .debug_macro   0x00001a5e       0x3a src/ASF/common/services/gfx_mono/sysfont.o
 .debug_macro   0x00001a98      0x234 src/ASF/common/services/spi/xmega_usart_spi/usart_spi.o
 .debug_macro   0x00001ccc      0x22f src/ASF/xmega/drivers/adc/adc.o
 .debug_macro   0x00001efb      0x22f src/ASF/xmega/drivers/adc/xmega_aau/adc_aau.o
 .debug_macro   0x0000212a      0x215 src/ASF/xmega/drivers/rtc32/rtc32.o
 .debug_macro   0x0000233f       0x10 src/ASF/xmega/drivers/rtc32/rtc32.o
 .debug_macro   0x0000234f      0x221 src/ASF/xmega/drivers/usart/usart.o
 .debug_macro   0x00002570      0x107 src/FreeRTOS/list.o
 .debug_macro   0x00002677      0x11a src/FreeRTOS/portable/GCC/ATXmega256A3BU/port.o
 .debug_macro   0x00002791       0x8e src/FreeRTOS/portable/GCC/ATXmega256A3BU/port.o
 .debug_macro   0x0000281f      0x122 src/FreeRTOS/portable/MemMang/heap_3.o
 .debug_macro   0x00002941      0x17a src/FreeRTOS/queue.o
 .debug_macro   0x00002abb       0x20 src/FreeRTOS/queue.o
 .debug_macro   0x00002adb       0xb0 src/FreeRTOS/queue.o
 .debug_macro   0x00002b8b      0x1bd src/FreeRTOS/tasks.o
 .debug_macro   0x00002d48       0x11 src/FreeRTOS/tasks.o
 .debug_macro   0x00002d59      0x144 src/FreeRTOS/timers.o
 .debug_macro   0x00002e9d      0x193 src/ASF/common/services/ioport/xmega/ioport_compat.o
 .debug_macro   0x00003030      0x1b5 src/ASF/xmega/boards/xmega_a3bu_xplained/init.o
 .debug_macro   0x000031e5       0x2e src/ASF/xmega/boards/xmega_a3bu_xplained/init.o
 .debug_macro   0x00003213      0x242 src/ASF/xmega/boards/xmega_a3bu_xplained/init.o
 .debug_macro   0x00003455      0x47b src/main.o
 .debug_macro   0x000038d0       0x34 src/main.o
 .debug_macro   0x00003904       0x46 src/main.o
 .debug_macro   0x0000394a       0x1c src/main.o
 .debug_macro   0x00003966       0x58 src/main.o
 .debug_macro   0x000039be       0x10 src/main.o
 .debug_macro   0x000039ce       0xf2 src/main.o
OUTPUT(Praktikum_5_Template_6_2.elf elf32-avr)
LOAD linker stubs

.BOOT           0x00040000        0x0
