Archive member included to satisfy reference by file (symbol)

c:/program files (x86)/atmel/studio/7.0/toolchain/avr8/avr8-gnu-toolchain/bin/../lib/gcc/avr/5.4.0/avrxmega6\libgcc.a(_udivmodsi4.o)
                              src/ASF/xmega/drivers/spi/spi.o (__udivmodsi4)
c:/program files (x86)/atmel/studio/7.0/toolchain/avr8/avr8-gnu-toolchain/bin/../lib/gcc/avr/5.4.0/avrxmega6\libgcc.a(_exit.o)
                              C:/Program Files (x86)/Atmel/Studio/7.0/Packs/atmel/XMEGAA_DFP/1.1.68/gcc/dev/atxmega256a3bu/avrxmega6/crtatxmega256a3bu.o (exit)
c:/program files (x86)/atmel/studio/7.0/toolchain/avr8/avr8-gnu-toolchain/bin/../lib/gcc/avr/5.4.0/avrxmega6\libgcc.a(_tablejump2.o)
                              src/FreeRTOS/timers.o (__tablejump2__)
c:/program files (x86)/atmel/studio/7.0/toolchain/avr8/avr8-gnu-toolchain/bin/../lib/gcc/avr/5.4.0/avrxmega6\libgcc.a(_copy_data.o)
                              src/ASF/common/services/gfx_mono/sysfont.o (__do_copy_data)
c:/program files (x86)/atmel/studio/7.0/toolchain/avr8/avr8-gnu-toolchain/bin/../lib/gcc/avr/5.4.0/avrxmega6\libgcc.a(_clear_bss.o)
                              src/ASF/common/services/gfx_mono/gfx_mono_c12832_a1z.o (__do_clear_bss)
c:/program files (x86)/atmel/studio/7.0/toolchain/avr8/avr8-gnu-toolchain/bin/../lib/gcc/avr/5.4.0/../../../../avr/lib/avrxmega6\libc.a(malloc.o)
                              src/FreeRTOS/portable/MemMang/heap_3.o (malloc)
c:/program files (x86)/atmel/studio/7.0/toolchain/avr8/avr8-gnu-toolchain/bin/../lib/gcc/avr/5.4.0/../../../../avr/lib/avrxmega6\libc.a(memcpy.o)
                              src/ASF/xmega/drivers/nvm/nvm.o (memcpy)
c:/program files (x86)/atmel/studio/7.0/toolchain/avr8/avr8-gnu-toolchain/bin/../lib/gcc/avr/5.4.0/../../../../avr/lib/avrxmega6\libc.a(strcmp.o)
                              src/main.o (strcmp)
c:/program files (x86)/atmel/studio/7.0/toolchain/avr8/avr8-gnu-toolchain/bin/../lib/gcc/avr/5.4.0/../../../../avr/lib/avrxmega6\libc.a(snprintf.o)
                              src/main.o (snprintf)
c:/program files (x86)/atmel/studio/7.0/toolchain/avr8/avr8-gnu-toolchain/bin/../lib/gcc/avr/5.4.0/../../../../avr/lib/avrxmega6\libc.a(vfprintf_std.o)
                              c:/program files (x86)/atmel/studio/7.0/toolchain/avr8/avr8-gnu-toolchain/bin/../lib/gcc/avr/5.4.0/../../../../avr/lib/avrxmega6\libc.a(snprintf.o) (vfprintf)
c:/program files (x86)/atmel/studio/7.0/toolchain/avr8/avr8-gnu-toolchain/bin/../lib/gcc/avr/5.4.0/../../../../avr/lib/avrxmega6\libc.a(strnlen_P.o)
                              c:/program files (x86)/atmel/studio/7.0/toolchain/avr8/avr8-gnu-toolchain/bin/../lib/gcc/avr/5.4.0/../../../../avr/lib/avrxmega6\libc.a(vfprintf_std.o) (strnlen_P)
c:/program files (x86)/atmel/studio/7.0/toolchain/avr8/avr8-gnu-toolchain/bin/../lib/gcc/avr/5.4.0/../../../../avr/lib/avrxmega6\libc.a(strnlen.o)
                              c:/program files (x86)/atmel/studio/7.0/toolchain/avr8/avr8-gnu-toolchain/bin/../lib/gcc/avr/5.4.0/../../../../avr/lib/avrxmega6\libc.a(vfprintf_std.o) (strnlen)
c:/program files (x86)/atmel/studio/7.0/toolchain/avr8/avr8-gnu-toolchain/bin/../lib/gcc/avr/5.4.0/../../../../avr/lib/avrxmega6\libc.a(fputc.o)
                              c:/program files (x86)/atmel/studio/7.0/toolchain/avr8/avr8-gnu-toolchain/bin/../lib/gcc/avr/5.4.0/../../../../avr/lib/avrxmega6\libc.a(vfprintf_std.o) (fputc)
c:/program files (x86)/atmel/studio/7.0/toolchain/avr8/avr8-gnu-toolchain/bin/../lib/gcc/avr/5.4.0/../../../../avr/lib/avrxmega6\libc.a(ultoa_invert.o)
                              c:/program files (x86)/atmel/studio/7.0/toolchain/avr8/avr8-gnu-toolchain/bin/../lib/gcc/avr/5.4.0/../../../../avr/lib/avrxmega6\libc.a(vfprintf_std.o) (__ultoa_invert)

Allocating common symbols
Common symbol       size              file

rtc_data            0x2               src/ASF/xmega/drivers/rtc32/rtc32.o
adcb_callback       0x2               src/ASF/xmega/drivers/adc/adc.o
__brkval            0x2               c:/program files (x86)/atmel/studio/7.0/toolchain/avr8/avr8-gnu-toolchain/bin/../lib/gcc/avr/5.4.0/../../../../avr/lib/avrxmega6\libc.a(malloc.o)
sleepmgr_locks      0x6               src/ASF/common/services/sleepmgr/xmega/sleepmgr.o
__flp               0x2               c:/program files (x86)/atmel/studio/7.0/toolchain/avr8/avr8-gnu-toolchain/bin/../lib/gcc/avr/5.4.0/../../../../avr/lib/avrxmega6\libc.a(malloc.o)
adca_callback       0x2               src/ASF/xmega/drivers/adc/adc.o

Discarded input sections

 .data          0x00000000        0x0 C:/Program Files (x86)/Atmel/Studio/7.0/Packs/atmel/XMEGAA_DFP/1.1.68/gcc/dev/atxmega256a3bu/avrxmega6/crtatxmega256a3bu.o
 .bss           0x00000000        0x0 C:/Program Files (x86)/Atmel/Studio/7.0/Packs/atmel/XMEGAA_DFP/1.1.68/gcc/dev/atxmega256a3bu/avrxmega6/crtatxmega256a3bu.o
 .group         0x00000000        0x8 src/ASF/common/components/display/st7565r/st7565r.o
[...]
Memory Configuration

Name             Origin             Length             Attributes
text             0x00000000         0x00100000         xr
data             0x00802000         0x0000ffa0         rw !x
eeprom           0x00810000         0x00010000         rw !x
fuse             0x00820000         0x00000006         rw !x
lock             0x00830000         0x00000400         rw !x
signature        0x00840000         0x00000400         rw !x
user_signatures  0x00850000         0x00000400         rw !x
*default*        0x00000000         0xffffffff

Linker script and memory map

LOAD C:/Program Files (x86)/Atmel/Studio/7.0/Packs/atmel/XMEGAA_DFP/1.1.68/gcc/dev/atxmega256a3bu/avrxmega6/crtatxmega256a3bu.o
LOAD src/ASF/common/components/display/st7565r/st7565r.o
LOAD src/ASF/common/services/clock/xmega/sysclk.o
LOAD src/ASF/common/services/gfx_mono/gfx_mono_c12832_a1z.o
LOAD src/ASF/common/services/gfx_mono/gfx_mono_framebuffer.o
LOAD src/ASF/common/services/gfx_mono/gfx_mono_generic.o
LOAD src/ASF/common/services/gfx_mono/gfx_mono_text.o
LOAD src/ASF/common/services/gfx_mono/sysfont.o
LOAD src/ASF/common/services/sleepmgr/xmega/sleepmgr.o
LOAD src/ASF/common/services/spi/xmega_spi/spi_master.o
LOAD src/ASF/common/services/spi/xmega_usart_spi/usart_spi.o
LOAD src/ASF/xmega/drivers/adc/adc.o
LOAD src/ASF/xmega/drivers/adc/xmega_aau/adc_aau.o
LOAD src/ASF/xmega/drivers/cpu/ccp.o
LOAD src/ASF/xmega/drivers/nvm/nvm.o
LOAD src/ASF/xmega/drivers/nvm/nvm_asm.o
LOAD src/ASF/xmega/drivers/rtc32/rtc32.o
LOAD src/ASF/xmega/drivers/spi/spi.o
LOAD src/ASF/xmega/drivers/usart/usart.o
LOAD src/FreeRTOS/croutine.o
LOAD src/FreeRTOS/event_groups.o
LOAD src/FreeRTOS/list.o
LOAD src/FreeRTOS/portable/GCC/ATXmega256A3BU/port.o
LOAD src/FreeRTOS/portable/MemMang/heap_3.o
LOAD src/FreeRTOS/queue.o
LOAD src/FreeRTOS/tasks.o
LOAD src/FreeRTOS/timers.o
LOAD src/ASF/common/services/ioport/xmega/ioport_compat.o
LOAD src/ASF/xmega/boards/xmega_a3bu_xplained/init.o
LOAD src/main.o
START GROUP
LOAD c:/program files (x86)/atmel/studio/7.0/toolchain/avr8/avr8-gnu-toolchain/bin/../lib/gcc/avr/5.4.0/../../../../avr/lib/avrxmega6\libm.a
END GROUP
Address of section .BOOT set to 0x40000
START GROUP
LOAD c:/program files (x86)/atmel/studio/7.0/toolchain/avr8/avr8-gnu-toolchain/bin/../lib/gcc/avr/5.4.0/avrxmega6\libgcc.a
LOAD c:/program files (x86)/atmel/studio/7.0/toolchain/avr8/avr8-gnu-toolchain/bin/../lib/gcc/avr/5.4.0/../../../../avr/lib/avrxmega6\libm.a
LOAD c:/program files (x86)/atmel/studio/7.0/toolchain/avr8/avr8-gnu-toolchain/bin/../lib/gcc/avr/5.4.0/../../../../avr/lib/avrxmega6\libc.a
LOAD C:/Program Files (x86)/Atmel/Studio/7.0/Packs/atmel/XMEGAA_DFP/1.1.68/gcc/dev/atxmega256a3bu/avrxmega6\libatxmega256a3bu.a
END GROUP
                0x00100000                __TEXT_REGION_LENGTH__ = DEFINED (__TEXT_REGION_LENGTH__)?__TEXT_REGION_LENGTH__:0x100000
                0x0000ffa0                __DATA_REGION_LENGTH__ = DEFINED (__DATA_REGION_LENGTH__)?__DATA_REGION_LENGTH__:0xffa0
                0x00010000                __EEPROM_REGION_LENGTH__ = DEFINED (__EEPROM_REGION_LENGTH__)?__EEPROM_REGION_LENGTH__:0x10000
                [0x00000006]                __FUSE_REGION_LENGTH__ = DEFINED (__FUSE_REGION_LENGTH__)?__FUSE_REGION_LENGTH__:0x400
                0x00000400                __LOCK_REGION_LENGTH__ = DEFINED (__LOCK_REGION_LENGTH__)?__LOCK_REGION_LENGTH__:0x400
                0x00000400                __SIGNATURE_REGION_LENGTH__ = DEFINED (__SIGNATURE_REGION_LENGTH__)?__SIGNATURE_REGION_LENGTH__:0x400
                0x00000400                __USER_SIGNATURE_REGION_LENGTH__ = DEFINED (__USER_SIGNATURE_REGION_LENGTH__)?__USER_SIGNATURE_REGION_LENGTH__:0x400

.hash
 *(.hash)

.dynsym
 *(.dynsym)

.dynstr
 *(.dynstr)

.gnu.version
 *(.gnu.version)

.gnu.version_d
 *(.gnu.version_d)

.gnu.version_r
 *(.gnu.version_r)

.rel.init
 *(.rel.init)

.rela.init
 *(.rela.init)

.rel.text
 *(.rel.text)
 *(.rel.text.*)
 *(.rel.gnu.linkonce.t*)

.rela.text
 *(.rela.text)
 *(.rela.text.*)
 *(.rela.gnu.linkonce.t*)

.rel.fini
 *(.rel.fini)

.rela.fini
 *(.rela.fini)

.rel.rodata
 *(.rel.rodata)
 *(.rel.rodata.*)
 *(.rel.gnu.linkonce.r*)

.rela.rodata
 *(.rela.rodata)
 *(.rela.rodata.*)
 *(.rela.gnu.linkonce.r*)

.rel.data
 *(.rel.data)
 *(.rel.data.*)
 *(.rel.gnu.linkonce.d*)

.rela.data
 *(.rela.data)
 *(.rela.data.*)
 *(.rela.gnu.linkonce.d*)

.rel.ctors
 *(.rel.ctors)

.rela.ctors
 *(.rela.ctors)

.rel.dtors
 *(.rel.dtors)

.rela.dtors
 *(.rela.dtors)

.rel.got
 *(.rel.got)

.rela.got
 *(.rela.got)

.rel.bss
 *(.rel.bss)

.rela.bss
 *(.rela.bss)

.rel.plt
 *(.rel.plt)

.rela.plt
 *(.rela.plt)

.text           0x00000000     0x40e4
 *(.vectors)
 .vectors       0x00000000      0x1fc C:/Program Files (x86)/Atmel/Studio/7.0/Packs/atmel/XMEGAA_DFP/1.1.68/gcc/dev/atxmega256a3bu/avrxmega6/crtatxmega256a3bu.o
                0x00000000                __vector_default
                0x00000000                __vectors
 *(.vectors)
 *(.progmem.gcc*)
 .progmem.gcc_sw_table.prvTimerTask
                0x000001fc       0x14 src/FreeRTOS/timers.o
                0x00000210                . = ALIGN (0x2)
                0x00000210                __trampolines_start = .
 *(.trampolines)
 .trampolines   0x00000210        0x0 linker stubs
 *(.trampolines*)
                0x00000210                __trampolines_end = .
 *libprintf_flt.a:*(.progmem.data)
 *libc.a:*(.progmem.data)
 *(.progmem*)
 .progmem.data.sysfont_glyphs
                0x00000210      0x292 src/ASF/common/services/gfx_mono/sysfont.o
                0x000004a2                . = ALIGN (0x2)
 *(.jumptables)
 *(.jumptables*)
 *(.lowtext)
 *(.lowtext*)
                0x000004a2                __ctors_start = .
 *(.ctors)
                0x000004a2                __ctors_end = .
                0x000004a2                __dtors_start = .
 *(.dtors)
                0x000004a2                __dtors_end = .
 SORT(*)(.ctors)
 SORT(*)(.dtors)
 *(.init0)
 .init0         0x000004a2        0x0 C:/Program Files (x86)/Atmel/Studio/7.0/Packs/atmel/XMEGAA_DFP/1.1.68/gcc/dev/atxmega256a3bu/avrxmega6/crtatxmega256a3bu.o
                0x000004a2                __init
 *(.init0)
 *(.init1)
 *(.init1)
 *(.init2)
 .init2         0x000004a2       0x10 C:/Program Files (x86)/Atmel/Studio/7.0/Packs/atmel/XMEGAA_DFP/1.1.68/gcc/dev/atxmega256a3bu/avrxmega6/crtatxmega256a3bu.o
 *(.init2)
 *(.init3)
 *(.init3)
 *(.init4)
 .init4         0x000004b2       0x1a c:/program files (x86)/atmel/studio/7.0/toolchain/avr8/avr8-gnu-toolchain/bin/../lib/gcc/avr/5.4.0/avrxmega6\libgcc.a(_copy_data.o)
                0x000004b2                __do_copy_data
 .init4         0x000004cc       0x10 c:/program files (x86)/atmel/studio/7.0/toolchain/avr8/avr8-gnu-toolchain/bin/../lib/gcc/avr/5.4.0/avrxmega6\libgcc.a(_clear_bss.o)
                0x000004cc                __do_clear_bss
 *(.init4)
 *(.init5)
 *(.init5)
 *(.init6)
 *(.init6)
 *(.init7)
 *(.init7)
 *(.init8)
 *(.init8)
 *(.init9)
 .init9         0x000004dc        0x8 C:/Program Files (x86)/Atmel/Studio/7.0/Packs/atmel/XMEGAA_DFP/1.1.68/gcc/dev/atxmega256a3bu/avrxmega6/crtatxmega256a3bu.o
 *(.init9)
 *(.text)
 .text          0x000004e4        0x2 C:/Program Files (x86)/Atmel/Studio/7.0/Packs/atmel/XMEGAA_DFP/1.1.68/gcc/dev/atxmega256a3bu/avrxmega6/crtatxmega256a3bu.o
                0x000004e4                __vector_38
                0x000004e4                __vector_104
                0x000004e4                __vector_22
                0x000004e4                __vector_63
                0x000004e4                __vector_28
                0x000004e4                __vector_67
                0x000004e4                __vector_1
                0x000004e4                __vector_119
                0x000004e4                __vector_32
                0x000004e4                __vector_75
                0x000004e4                __vector_91
                0x000004e4                __vector_34
                0x000004e4                __vector_62
                0x000004e4                __vector_77
                0x000004e4                __vector_102
                0x000004e4                __vector_24
                0x000004e4                __vector_12
                0x000004e4                __vector_55
                0x000004e4                __vector_69
                0x000004e4                __vector_81
                0x000004e4                __vector_90
                0x000004e4                __vector_46
                0x000004e4                __bad_interrupt
                0x000004e4                __vector_122
                0x000004e4                __vector_114
                0x000004e4                __vector_6
                0x000004e4                __vector_110
                0x000004e4                __vector_31
                0x000004e4                __vector_92
                0x000004e4                __vector_35
                0x000004e4                __vector_78
                0x000004e4                __vector_117
                0x000004e4                __vector_107
                0x000004e4                __vector_3
                0x000004e4                __vector_105
                0x000004e4                __vector_98
                0x000004e4                __vector_23
                0x000004e4                __vector_68
                0x000004e4                __vector_30
                0x000004e4                __vector_45
                0x000004e4                __vector_25
                0x000004e4                __vector_93
                0x000004e4                __vector_61
                0x000004e4                __vector_54
                0x000004e4                __vector_99
                0x000004e4                __vector_13
                0x000004e4                __vector_17
                0x000004e4                __vector_19
                0x000004e4                __vector_56
                0x000004e4                __vector_7
                0x000004e4                __vector_125
                0x000004e4                __vector_49
                0x000004e4                __vector_123
                0x000004e4                __vector_86
                0x000004e4                __vector_100
                0x000004e4                __vector_101
                0x000004e4                __vector_64
                0x000004e4                __vector_88
                0x000004e4                __vector_109
                0x000004e4                __vector_43
                0x000004e4                __vector_27
                0x000004e4                __vector_5
                0x000004e4                __vector_113
                0x000004e4                __vector_33
                0x000004e4                __vector_76
                0x000004e4                __vector_115
                0x000004e4                __vector_47
                0x000004e4                __vector_52
                0x000004e4                __vector_37
                0x000004e4                __vector_95
                0x000004e4                __vector_103
                0x000004e4                __vector_96
                0x000004e4                __vector_89
                0x000004e4                __vector_108
                0x000004e4                __vector_4
                0x000004e4                __vector_44
                0x000004e4                __vector_82
                0x000004e4                __vector_106
                0x000004e4                __vector_118
                0x000004e4                __vector_51
                0x000004e4                __vector_9
                0x000004e4                __vector_2
                0x000004e4                __vector_21
                0x000004e4                __vector_15
                0x000004e4                __vector_66
                0x000004e4                __vector_36
                0x000004e4                __vector_79
                0x000004e4                __vector_58
                0x000004e4                __vector_70
                0x000004e4                __vector_83
                0x000004e4                __vector_29
                0x000004e4                __vector_60
                0x000004e4                __vector_121
                0x000004e4                __vector_85
                0x000004e4                __vector_94
                0x000004e4                __vector_126
                0x000004e4                __vector_8
                0x000004e4                __vector_26
                0x000004e4                __vector_48
                0x000004e4                __vector_124
                0x000004e4                __vector_116
                0x000004e4                __vector_112
                0x000004e4                __vector_111
                0x000004e4                __vector_80
                0x000004e4                __vector_84
                0x000004e4                __vector_57
                0x000004e4                __vector_53
                0x000004e4                __vector_10
                0x000004e4                __vector_50
                0x000004e4                __vector_16
                0x000004e4                __vector_59
                0x000004e4                __vector_18
                0x000004e4                __vector_97
                0x000004e4                __vector_20
                0x000004e4                __vector_87
                0x000004e4                __vector_65
                0x000004e4                __vector_120
                0x000004e6                . = ALIGN (0x2)
 *(.text.*)
 .text.__portable_avr_delay_cycles
                0x000004e6        0xc src/ASF/common/components/display/st7565r/st7565r.o
 .text.st7565r_init
                0x000004f2      0x388 src/ASF/common/components/display/st7565r/st7565r.o
                0x000004f2                st7565r_init
 .text.sysclk_init
                0x0000087a       0x20 src/ASF/common/services/clock/xmega/sysclk.o
                0x0000087a                sysclk_init
 .text.sysclk_enable_module
                0x0000089a       0x18 src/ASF/common/services/clock/xmega/sysclk.o
                0x0000089a                sysclk_enable_module
 .text.sysclk_disable_module
                0x000008b2       0x16 src/ASF/common/services/clock/xmega/sysclk.o
                0x000008b2                sysclk_disable_module
 .text.gfx_mono_st7565r_put_byte
                0x000008c8      0x14e src/ASF/common/services/gfx_mono/gfx_mono_c12832_a1z.o
                0x000008c8                gfx_mono_st7565r_put_byte
 .text.gfx_mono_st7565r_init
                0x00000a16       0x84 src/ASF/common/services/gfx_mono/gfx_mono_c12832_a1z.o
                0x00000a16                gfx_mono_st7565r_init
 .text.gfx_mono_st7565r_draw_pixel
                0x00000a9a       0x6c src/ASF/common/services/gfx_mono/gfx_mono_c12832_a1z.o
                0x00000a9a                gfx_mono_st7565r_draw_pixel
 .text.gfx_mono_st7565r_get_byte
                0x00000b06        0x4 src/ASF/common/services/gfx_mono/gfx_mono_c12832_a1z.o
                0x00000b06                gfx_mono_st7565r_get_byte
 .text.gfx_mono_set_framebuffer
                0x00000b0a        0xa src/ASF/common/services/gfx_mono/gfx_mono_framebuffer.o
                0x00000b0a                gfx_mono_set_framebuffer
 .text.gfx_mono_framebuffer_put_byte
                0x00000b14       0x1c src/ASF/common/services/gfx_mono/gfx_mono_framebuffer.o
                0x00000b14                gfx_mono_framebuffer_put_byte
 .text.gfx_mono_framebuffer_get_byte
                0x00000b30       0x1c src/ASF/common/services/gfx_mono/gfx_mono_framebuffer.o
                0x00000b30                gfx_mono_framebuffer_get_byte
 .text.gfx_mono_generic_draw_horizontal_line
                0x00000b4c       0xc4 src/ASF/common/services/gfx_mono/gfx_mono_generic.o
                0x00000b4c                gfx_mono_generic_draw_horizontal_line
 .text.gfx_mono_generic_draw_filled_rect
                0x00000c10       0x34 src/ASF/common/services/gfx_mono/gfx_mono_generic.o
                0x00000c10                gfx_mono_generic_draw_filled_rect
 .text.gfx_mono_draw_char
                0x00000c44       0xba src/ASF/common/services/gfx_mono/gfx_mono_text.o
                0x00000c44                gfx_mono_draw_char
 .text.gfx_mono_draw_string
                0x00000cfe       0x52 src/ASF/common/services/gfx_mono/gfx_mono_text.o
                0x00000cfe                gfx_mono_draw_string
 .text.usart_spi_init
                0x00000d50       0x5e src/ASF/common/services/spi/xmega_usart_spi/usart_spi.o
                0x00000d50                usart_spi_init
 .text.usart_spi_setup_device
                0x00000dae       0x34 src/ASF/common/services/spi/xmega_usart_spi/usart_spi.o
                0x00000dae                usart_spi_setup_device
 .text.usart_spi_select_device
                0x00000de2       0x2c src/ASF/common/services/spi/xmega_usart_spi/usart_spi.o
                0x00000de2                usart_spi_select_device
 .text.usart_spi_deselect_device
                0x00000e0e       0x2c src/ASF/common/services/spi/xmega_usart_spi/usart_spi.o
                0x00000e0e                usart_spi_deselect_device
 .text.adc_enable_clock
                0x00000e3a       0x3e src/ASF/xmega/drivers/adc/adc.o
                0x00000e3a                adc_enable_clock
 .text.adc_disable_clock
                0x00000e78       0x3a src/ASF/xmega/drivers/adc/adc.o
                0x00000e78                adc_disable_clock
 .text.adc_enable
                0x00000eb2       0x2e src/ASF/xmega/drivers/adc/adc.o
                0x00000eb2                adc_enable
 .text.__vector_71
                0x00000ee0       0x64 src/ASF/xmega/drivers/adc/xmega_aau/adc_aau.o
                0x00000ee0                __vector_71
 .text.__vector_72
                0x00000f44       0x64 src/ASF/xmega/drivers/adc/xmega_aau/adc_aau.o
                0x00000f44                __vector_72
 .text.__vector_73
                0x00000fa8       0x64 src/ASF/xmega/drivers/adc/xmega_aau/adc_aau.o
                0x00000fa8                __vector_73
 .text.__vector_74
                0x0000100c       0x64 src/ASF/xmega/drivers/adc/xmega_aau/adc_aau.o
                0x0000100c                __vector_74
 .text.__vector_39
                0x00001070       0x64 src/ASF/xmega/drivers/adc/xmega_aau/adc_aau.o
                0x00001070                __vector_39
 .text.__vector_40
                0x000010d4       0x64 src/ASF/xmega/drivers/adc/xmega_aau/adc_aau.o
                0x000010d4                __vector_40
 .text.__vector_41
                0x00001138       0x64 src/ASF/xmega/drivers/adc/xmega_aau/adc_aau.o
                0x00001138                __vector_41
 .text.__vector_42
                0x0000119c       0x64 src/ASF/xmega/drivers/adc/xmega_aau/adc_aau.o
                0x0000119c                __vector_42
 .text.adc_write_configuration
                0x00001200       0xa0 src/ASF/xmega/drivers/adc/xmega_aau/adc_aau.o
                0x00001200                adc_write_configuration
 .text.adc_read_configuration
                0x000012a0       0x46 src/ASF/xmega/drivers/adc/xmega_aau/adc_aau.o
                0x000012a0                adc_read_configuration
 .text.adcch_write_configuration
                0x000012e6       0x72 src/ASF/xmega/drivers/adc/xmega_aau/adc_aau.o
                0x000012e6                adcch_write_configuration
 .text.adcch_read_configuration
                0x00001358       0x72 src/ASF/xmega/drivers/adc/xmega_aau/adc_aau.o
                0x00001358                adcch_read_configuration
 .text.nvm_read_byte
                0x000013ca       0x14 src/ASF/xmega/drivers/nvm/nvm_asm.o
                0x000013ca                nvm_read_byte
 .text.rtc_get_time
                0x000013de       0x22 src/ASF/xmega/drivers/rtc32/rtc32.o
                0x000013de                rtc_get_time
 .text.__vector_11
                0x00001400       0x6a src/ASF/xmega/drivers/rtc32/rtc32.o
                0x00001400                __vector_11
 .text.usart_set_baudrate
                0x0000146a      0x226 src/ASF/xmega/drivers/usart/usart.o
                0x0000146a                usart_set_baudrate
 .text.usart_init_rs232
                0x00001690      0x222 src/ASF/xmega/drivers/usart/usart.o
                0x00001690                usart_init_rs232
 .text.usart_spi_set_baudrate
                0x000018b2       0x64 src/ASF/xmega/drivers/usart/usart.o
                0x000018b2                usart_spi_set_baudrate
 .text.usart_init_spi
                0x00001916      0x374 src/ASF/xmega/drivers/usart/usart.o
                0x00001916                usart_init_spi
 .text.vListInitialise
                0x00001c8a       0x1c src/FreeRTOS/list.o
                0x00001c8a                vListInitialise
 .text.vListInitialiseItem
                0x00001ca6        0x8 src/FreeRTOS/list.o
                0x00001ca6                vListInitialiseItem
 .text.vListInsertEnd
                0x00001cae       0x42 src/FreeRTOS/list.o
                0x00001cae                vListInsertEnd
 .text.vListInsert
                0x00001cf0       0x62 src/FreeRTOS/list.o
                0x00001cf0                vListInsert
 .text.uxListRemove
                0x00001d52       0x4c src/FreeRTOS/list.o
                0x00001d52                uxListRemove
 .text.pxPortInitialiseStack
                0x00001d9e       0xee src/FreeRTOS/portable/GCC/ATXmega256A3BU/port.o
                0x00001d9e                pxPortInitialiseStack
 .text.xPortStartScheduler
                0x00001e8c       0x8a src/FreeRTOS/portable/GCC/ATXmega256A3BU/port.o
                0x00001e8c                xPortStartScheduler
 .text.vPortYield
                0x00001f16       0xb0 src/FreeRTOS/portable/GCC/ATXmega256A3BU/port.o
                0x00001f16                vPortYield
 .text.__vector_14
                0x00001fc6       0xb4 src/FreeRTOS/portable/GCC/ATXmega256A3BU/port.o
                0x00001fc6                __vector_14
 .text.pvPortMalloc
                0x0000207a       0x1a src/FreeRTOS/portable/MemMang/heap_3.o
                0x0000207a                pvPortMalloc
 .text.vPortFree
                0x00002094       0x1a src/FreeRTOS/portable/MemMang/heap_3.o
                0x00002094                vPortFree
 .text.prvCopyDataToQueue
                0x000020ae       0x96 src/FreeRTOS/queue.o
 .text.prvCopyDataFromQueue
                0x00002144       0x34 src/FreeRTOS/queue.o
 .text.prvUnlockQueue
                0x00002178       0x90 src/FreeRTOS/queue.o
 .text.xQueueGenericReset
                0x00002208       0x72 src/FreeRTOS/queue.o
                0x00002208                xQueueGenericReset
 .text.xQueueGenericCreate
                0x0000227a       0x52 src/FreeRTOS/queue.o
                0x0000227a                xQueueGenericCreate
 .text.xQueueGenericSend
                0x000022cc      0x11a src/FreeRTOS/queue.o
                0x000022cc                xQueueGenericSend
 .text.xQueueGenericSendFromISR
                0x000023e6       0x6c src/FreeRTOS/queue.o
                0x000023e6                xQueueGenericSendFromISR
 .text.xQueueGenericReceive
                0x00002452      0x12e src/FreeRTOS/queue.o
                0x00002452                xQueueGenericReceive
 .text.vQueueWaitForMessageRestricted
                0x00002580       0x36 src/FreeRTOS/queue.o
                0x00002580                vQueueWaitForMessageRestricted
 .text.prvIdleTask
                0x000025b6        0xe src/FreeRTOS/tasks.o
 .text.prvAddCurrentTaskToDelayedList
                0x000025c4       0x6a src/FreeRTOS/tasks.o
 .text.xTaskGenericCreate
                0x0000262e      0x202 src/FreeRTOS/tasks.o
                0x0000262e                xTaskGenericCreate
 .text.vTaskStartScheduler
                0x00002830       0x66 src/FreeRTOS/tasks.o
                0x00002830                vTaskStartScheduler
 .text.vTaskSuspendAll
                0x00002896        0xc src/FreeRTOS/tasks.o
                0x00002896                vTaskSuspendAll
 .text.xTaskGetTickCount
                0x000028a2       0x14 src/FreeRTOS/tasks.o
                0x000028a2                xTaskGetTickCount
 .text.xTaskIncrementTick
                0x000028b6      0x1a6 src/FreeRTOS/tasks.o
                0x000028b6                xTaskIncrementTick
 .text.xTaskResumeAll
                0x00002a5c       0xfa src/FreeRTOS/tasks.o
                0x00002a5c                xTaskResumeAll
 .text.vTaskDelay
                0x00002b56       0x36 src/FreeRTOS/tasks.o
                0x00002b56                vTaskDelay
 .text.vTaskSwitchContext
                0x00002b8c       0xda src/FreeRTOS/tasks.o
                0x00002b8c                vTaskSwitchContext
 .text.vTaskPlaceOnEventList
                0x00002c66       0x34 src/FreeRTOS/tasks.o
                0x00002c66                vTaskPlaceOnEventList
 .text.vTaskPlaceOnEventListRestricted
                0x00002c9a       0x34 src/FreeRTOS/tasks.o
                0x00002c9a                vTaskPlaceOnEventListRestricted
 .text.xTaskRemoveFromEventList
                0x00002cce       0x8c src/FreeRTOS/tasks.o
                0x00002cce                xTaskRemoveFromEventList
 .text.vTaskSetTimeOutState
                0x00002d5a       0x16 src/FreeRTOS/tasks.o
                0x00002d5a                vTaskSetTimeOutState
 .text.xTaskCheckForTimeOut
                0x00002d70       0x62 src/FreeRTOS/tasks.o
                0x00002d70                xTaskCheckForTimeOut
 .text.vTaskMissedYield
                0x00002dd2        0x8 src/FreeRTOS/tasks.o
                0x00002dd2                vTaskMissedYield
 .text.xTaskGetSchedulerState
                0x00002dda       0x1c src/FreeRTOS/tasks.o
                0x00002dda                xTaskGetSchedulerState
 .text.prvInsertTimerInActiveList
                0x00002df6       0x5e src/FreeRTOS/timers.o
 .text.prvCheckForValidListAndQueue
                0x00002e54       0x50 src/FreeRTOS/timers.o
 .text.xTimerCreateTimerTask
                0x00002ea4       0x50 src/FreeRTOS/timers.o
                0x00002ea4                xTimerCreateTimerTask
 .text.xTimerCreate
                0x00002ef4       0x6c src/FreeRTOS/timers.o
                0x00002ef4                xTimerCreate
 .text.xTimerGenericCommand
                0x00002f60       0x84 src/FreeRTOS/timers.o
                0x00002f60                xTimerGenericCommand
 .text.prvSampleTimeNow
                0x00002fe4       0xdc src/FreeRTOS/timers.o
 .text.prvTimerTask
                0x000030c0      0x1b6 src/FreeRTOS/timers.o
 .text.ioport_configure_port_pin
                0x00003276       0x4e src/ASF/common/services/ioport/xmega/ioport_compat.o
                0x00003276                ioport_configure_port_pin
 .text.board_init
                0x000032c4      0x13a src/ASF/xmega/boards/xmega_a3bu_xplained/init.o
                0x000032c4                board_init
 .text.vTimerCallback
                0x000033fe       0x28 src/main.o
                0x000033fe                vTimerCallback
 .text.testLamp
                0x00003426       0x30 src/main.o
 .text.testPot  0x00003456       0x3e src/main.o
 .text.testTempS
                0x00003494       0x3e src/main.o
 .text.adc_read
                0x000034d2       0x2c src/main.o
 .text.testLightS
                0x000034fe       0x12 src/main.o
 .text.receivePing
                0x00003510       0x12 src/main.o
 .text.testLCD  0x00003522       0x50 src/main.o
 .text.PWM_Init
                0x00003572       0x28 src/main.o
                0x00003572                PWM_Init
 .text.testServo
                0x0000359a       0x78 src/main.o
 .text.setUpSerial
                0x00003612       0x1c src/main.o
                0x00003612                setUpSerial
 .text.main     0x0000362e      0x250 src/main.o
                0x0000362e                main
 .text.libgcc.div
                0x0000387e       0x44 c:/program files (x86)/atmel/studio/7.0/toolchain/avr8/avr8-gnu-toolchain/bin/../lib/gcc/avr/5.4.0/avrxmega6\libgcc.a(_udivmodsi4.o)
                0x0000387e                __udivmodsi4
 .text.libgcc   0x000038c2       0x10 c:/program files (x86)/atmel/studio/7.0/toolchain/avr8/avr8-gnu-toolchain/bin/../lib/gcc/avr/5.4.0/avrxmega6\libgcc.a(_tablejump2.o)
                0x000038c2                __tablejump2__
 .text.avr-libc
                0x000038d2      0x242 c:/program files (x86)/atmel/studio/7.0/toolchain/avr8/avr8-gnu-toolchain/bin/../lib/gcc/avr/5.4.0/../../../../avr/lib/avrxmega6\libc.a(malloc.o)
                0x000038d2                malloc
                0x00003a02                free
 .text.avr-libc
                0x00003b14       0x12 c:/program files (x86)/atmel/studio/7.0/toolchain/avr8/avr8-gnu-toolchain/bin/../lib/gcc/avr/5.4.0/../../../../avr/lib/avrxmega6\libc.a(memcpy.o)
                0x00003b14                memcpy
 .text.avr-libc
                0x00003b26       0x6c c:/program files (x86)/atmel/studio/7.0/toolchain/avr8/avr8-gnu-toolchain/bin/../lib/gcc/avr/5.4.0/../../../../avr/lib/avrxmega6\libc.a(snprintf.o)
                0x00003b26                snprintf
 .text.avr-libc
                0x00003b92      0x3ee c:/program files (x86)/atmel/studio/7.0/toolchain/avr8/avr8-gnu-toolchain/bin/../lib/gcc/avr/5.4.0/../../../../avr/lib/avrxmega6\libc.a(vfprintf_std.o)
                0x00003b92                vfprintf
 .text.avr-libc
                0x00003f80       0x16 c:/program files (x86)/atmel/studio/7.0/toolchain/avr8/avr8-gnu-toolchain/bin/../lib/gcc/avr/5.4.0/../../../../avr/lib/avrxmega6\libc.a(strnlen_P.o)
                0x00003f80                strnlen_P
 .text.avr-libc
                0x00003f96       0x16 c:/program files (x86)/atmel/studio/7.0/toolchain/avr8/avr8-gnu-toolchain/bin/../lib/gcc/avr/5.4.0/../../../../avr/lib/avrxmega6\libc.a(strnlen.o)
                0x00003f96                strnlen
 .text.avr-libc
                0x00003fac       0x78 c:/program files (x86)/atmel/studio/7.0/toolchain/avr8/avr8-gnu-toolchain/bin/../lib/gcc/avr/5.4.0/../../../../avr/lib/avrxmega6\libc.a(fputc.o)
                0x00003fac                fputc
 .text.avr-libc
                0x00004024       0xbc c:/program files (x86)/atmel/studio/7.0/toolchain/avr8/avr8-gnu-toolchain/bin/../lib/gcc/avr/5.4.0/../../../../avr/lib/avrxmega6\libc.a(ultoa_invert.o)
                0x00004024                __ultoa_invert
                0x000040e0                . = ALIGN (0x2)
 *(.fini9)
 .fini9         0x000040e0        0x0 c:/program files (x86)/atmel/studio/7.0/toolchain/avr8/avr8-gnu-toolchain/bin/../lib/gcc/avr/5.4.0/avrxmega6\libgcc.a(_exit.o)
                0x000040e0                _exit
                0x000040e0                exit
 *(.fini9)
 *(.fini8)
 *(.fini8)
 *(.fini7)
 *(.fini7)
 *(.fini6)
 *(.fini6)
 *(.fini5)
 *(.fini5)
 *(.fini4)
 *(.fini4)
 *(.fini3)
 *(.fini3)
 *(.fini2)
 *(.fini2)
 *(.fini1)
 *(.fini1)
 *(.fini0)
 .fini0         0x000040e0        0x4 c:/program files (x86)/atmel/studio/7.0/toolchain/avr8/avr8-gnu-toolchain/bin/../lib/gcc/avr/5.4.0/avrxmega6\libgcc.a(_exit.o)
 *(.fini0)
                0x000040e4                _etext = .

.data           0x00802000       0x3e load address 0x000040e4
                0x00802000                PROVIDE (__data_start, .)
 *(.data)
 .data          0x00802000        0x6 c:/program files (x86)/atmel/studio/7.0/toolchain/avr8/avr8-gnu-toolchain/bin/../lib/gcc/avr/5.4.0/../../../../avr/lib/avrxmega6\libc.a(malloc.o)
                0x00802000                __malloc_heap_end
                0x00802002                __malloc_heap_start
                0x00802004                __malloc_margin
 *(.data*)
 .data.sysfont  0x00802006        0x7 src/ASF/common/services/gfx_mono/sysfont.o
                0x00802006                sysfont
 .data.USART_SERIAL_OPTIONS.6578
                0x0080200d        0x7 src/main.o
 *(.rodata)
 *(.rodata*)
 .rodata.str1.1
                0x00802014        0x5 src/FreeRTOS/tasks.o
 .rodata.str1.1
                0x00802019        0x8 src/FreeRTOS/timers.o
 .rodata.str1.1
                0x00802021       0x1d src/main.o
                                 0x1e (size before relaxing)
 *(.gnu.linkonce.d*)
                0x0080203e                . = ALIGN (0x2)
                0x0080203e                _edata = .
                0x0080203e                PROVIDE (__data_end, .)

.bss            0x0080203e      0x35d
                0x0080203e                PROVIDE (__bss_start, .)
 *(.bss)
 *(.bss*)
 .bss.framebuffer
                0x0080203e      0x200 src/ASF/common/services/gfx_mono/gfx_mono_c12832_a1z.o
 .bss.fbpointer
                0x0080223e        0x2 src/ASF/common/services/gfx_mono/gfx_mono_framebuffer.o
 .bss.adcb_enable_count
                0x00802240        0x1 src/ASF/xmega/drivers/adc/adc.o
 .bss.adca_enable_count
                0x00802241        0x1 src/ASF/xmega/drivers/adc/adc.o
 .bss.uxSchedulerSuspended
                0x00802242        0x1 src/FreeRTOS/tasks.o
 .bss.xNextTaskUnblockTime
                0x00802243        0x2 src/FreeRTOS/tasks.o
 .bss.uxTaskNumber
                0x00802245        0x1 src/FreeRTOS/tasks.o
 .bss.xNumOfOverflows
                0x00802246        0x1 src/FreeRTOS/tasks.o
 .bss.xYieldPending
                0x00802247        0x1 src/FreeRTOS/tasks.o
 .bss.uxPendedTicks
                0x00802248        0x1 src/FreeRTOS/tasks.o
 .bss.xSchedulerRunning
                0x00802249        0x1 src/FreeRTOS/tasks.o
 .bss.uxTopReadyPriority
                0x0080224a        0x1 src/FreeRTOS/tasks.o
 .bss.xTickCount
                0x0080224b        0x2 src/FreeRTOS/tasks.o
 .bss.uxCurrentNumberOfTasks
                0x0080224d        0x1 src/FreeRTOS/tasks.o
 .bss.xPendingReadyList
                0x0080224e        0x9 src/FreeRTOS/tasks.o
 .bss.pxOverflowDelayedTaskList
                0x00802257        0x2 src/FreeRTOS/tasks.o
 .bss.pxDelayedTaskList
                0x00802259        0x2 src/FreeRTOS/tasks.o
 .bss.xDelayedTaskList2
                0x0080225b        0x9 src/FreeRTOS/tasks.o
 .bss.xDelayedTaskList1
                0x00802264        0x9 src/FreeRTOS/tasks.o
 .bss.pxReadyTasksLists
                0x0080226d       0x2d src/FreeRTOS/tasks.o
 .bss.pxCurrentTCB
                0x0080229a        0x2 src/FreeRTOS/tasks.o
                0x0080229a                pxCurrentTCB
 .bss.xLastTime.4459
                0x0080229c        0x2 src/FreeRTOS/timers.o
 .bss.xTimerQueue
                0x0080229e        0x2 src/FreeRTOS/timers.o
 .bss.pxOverflowTimerList
                0x008022a0        0x2 src/FreeRTOS/timers.o
 .bss.pxCurrentTimerList
                0x008022a2        0x2 src/FreeRTOS/timers.o
 .bss.xActiveTimerList2
                0x008022a4        0x9 src/FreeRTOS/timers.o
 .bss.xActiveTimerList1
                0x008022ad        0x9 src/FreeRTOS/timers.o
 .bss.orang     0x008022b6        0x2 src/main.o
                0x008022b6                orang
 .bss.strbuf    0x008022b8       0xc9 src/main.o
 .bss.increment
                0x00802381        0x4 src/main.o
                0x00802381                increment
 .bss.result3   0x00802385        0x2 src/main.o
                0x00802385                result3
 .bss.result2   0x00802387        0x2 src/main.o
                0x00802387                result2
 .bss.result    0x00802389        0x2 src/main.o
                0x00802389                result
 *(COMMON)
 COMMON         0x0080238b        0x6 src/ASF/common/services/sleepmgr/xmega/sleepmgr.o
                0x0080238b                sleepmgr_locks
 COMMON         0x00802391        0x4 src/ASF/xmega/drivers/adc/adc.o
                0x00802391                adcb_callback
                0x00802393                adca_callback
 COMMON         0x00802395        0x2 src/ASF/xmega/drivers/rtc32/rtc32.o
                0x00802395                rtc_data
 COMMON         0x00802397        0x4 c:/program files (x86)/atmel/studio/7.0/toolchain/avr8/avr8-gnu-toolchain/bin/../lib/gcc/avr/5.4.0/../../../../avr/lib/avrxmega6\libc.a(malloc.o)
                0x00802397                __brkval
                0x00802399                __flp
                0x0080239b                PROVIDE (__bss_end, .)
                0x000040e4                __data_load_start = LOADADDR (.data)
                0x00004122                __data_load_end = (__data_load_start + SIZEOF (.data))

.noinit         0x0080239b        0x0
                [!provide]                PROVIDE (__noinit_start, .)
 *(.noinit*)
                [!provide]                PROVIDE (__noinit_end, .)
                0x0080239b                _end = .
                0x0080239b                PROVIDE (__heap_start, .)

.eeprom         0x00810000        0x0
 *(.eeprom*)
                0x00810000                __eeprom_end = .

.fuse
 *(.fuse)
 *(.lfuse)
 *(.hfuse)
 *(.efuse)

.lock
 *(.lock*)

.signature
 *(.signature*)

.user_signatures
 *(.user_signatures*)

.stab
 *(.stab)

.stabstr
 *(.stabstr)

.stab.excl
 *(.stab.excl)

.stab.exclstr
 *(.stab.exclstr)

.stab.index
 *(.stab.index)

.stab.indexstr
 *(.stab.indexstr)

.comment        0x00000000       0x5c
 *(.comment)
 .comment       0x00000000       0x30 src/ASF/common/components/display/st7565r/st7565r.o
                                 0x31 (size before relaxing)
 .comment       0x00000030       0x31 src/ASF/common/services/clock/xmega/sysclk.o
 .comment       0x00000030       0x31 src/ASF/common/services/gfx_mono/gfx_mono_c12832_a1z.o
 .comment       0x00000030       0x31 src/ASF/common/services/gfx_mono/gfx_mono_framebuffer.o
 .comment       0x00000030       0x31 src/ASF/common/services/gfx_mono/gfx_mono_generic.o
 .comment       0x00000030       0x31 src/ASF/common/services/gfx_mono/gfx_mono_text.o
 .comment       0x00000030       0x31 src/ASF/common/services/gfx_mono/sysfont.o
 .comment       0x00000030       0x31 src/ASF/common/services/sleepmgr/xmega/sleepmgr.o
 .comment       0x00000030       0x31 src/ASF/common/services/spi/xmega_usart_spi/usart_spi.o
 .comment       0x00000030       0x31 src/ASF/xmega/drivers/adc/adc.o
 .comment       0x00000030       0x31 src/ASF/xmega/drivers/adc/xmega_aau/adc_aau.o
 .comment       0x00000030       0x31 src/ASF/xmega/drivers/rtc32/rtc32.o
 .comment       0x00000030       0x31 src/ASF/xmega/drivers/usart/usart.o
 .comment       0x00000030       0x31 src/FreeRTOS/list.o
 .comment       0x00000030       0x31 src/FreeRTOS/portable/GCC/ATXmega256A3BU/port.o
 .comment       0x00000030       0x31 src/FreeRTOS/portable/MemMang/heap_3.o
 .comment       0x00000030       0x31 src/FreeRTOS/queue.o
 .comment       0x00000030       0x31 src/FreeRTOS/tasks.o
 .comment       0x00000030       0x31 src/FreeRTOS/timers.o
 .comment       0x00000030       0x31 src/ASF/common/services/ioport/xmega/ioport_compat.o
 .comment       0x00000030       0x31 src/ASF/xmega/boards/xmega_a3bu_xplained/init.o
 .comment       0x00000030       0x31 src/main.o
 .comment       0x00000030       0x31 c:/program files (x86)/atmel/studio/7.0/toolchain/avr8/avr8-gnu-toolchain/bin/../lib/gcc/avr/5.4.0/../../../../avr/lib/avrxmega6\libc.a(malloc.o)
 .comment       0x00000030       0x31 c:/program files (x86)/atmel/studio/7.0/toolchain/avr8/avr8-gnu-toolchain/bin/../lib/gcc/avr/5.4.0/../../../../avr/lib/avrxmega6\libc.a(snprintf.o)
 .comment       0x00000030       0x2c c:/program files (x86)/atmel/studio/7.0/toolchain/avr8/avr8-gnu-toolchain/bin/../lib/gcc/avr/5.4.0/../../../../avr/lib/avrxmega6\libc.a(vfprintf_std.o)
                                 0x2d (size before relaxing)
 .comment       0x0000005c       0x31 c:/program files (x86)/atmel/studio/7.0/toolchain/avr8/avr8-gnu-toolchain/bin/../lib/gcc/avr/5.4.0/../../../../avr/lib/avrxmega6\libc.a(fputc.o)

.note.gnu.avr.deviceinfo
                0x00000000       0x44
 .note.gnu.avr.deviceinfo
                0x00000000       0x44 C:/Program Files (x86)/Atmel/Studio/7.0/Packs/atmel/XMEGAA_DFP/1.1.68/gcc/dev/atxmega256a3bu/avrxmega6/crtatxmega256a3bu.o

.note.gnu.build-id
 *(.note.gnu.build-id)

.debug
 *(.debug)

.line
 *(.line)

.debug_srcinfo
 *(.debug_srcinfo)

.debug_sfnames
 *(.debug_sfnames)

.debug_aranges  0x00000000      0x768
 *(.debug_aranges)
 .debug_aranges
                0x00000000       0x28 src/ASF/common/components/display/st7565r/st7565r.o
 .debug_aranges
                0x00000028       0x40 src/ASF/common/services/clock/xmega/sysclk.o
 .debug_aranges
                0x00000068       0x60 src/ASF/common/services/gfx_mono/gfx_mono_c12832_a1z.o
 .debug_aranges
                0x000000c8       0x58 src/ASF/common/services/gfx_mono/gfx_mono_framebuffer.o
 .debug_aranges
                0x00000120       0x58 src/ASF/common/services/gfx_mono/gfx_mono_generic.o
 .debug_aranges
                0x00000178       0x40 src/ASF/common/services/gfx_mono/gfx_mono_text.o
 .debug_aranges
                0x000001b8       0x18 src/ASF/common/services/gfx_mono/sysfont.o
 .debug_aranges
                0x000001d0       0x18 src/ASF/common/services/sleepmgr/xmega/sleepmgr.o
 .debug_aranges
                0x000001e8       0x48 src/ASF/common/services/spi/xmega_usart_spi/usart_spi.o
 .debug_aranges
                0x00000230       0x48 src/ASF/xmega/drivers/adc/adc.o
 .debug_aranges
                0x00000278       0x78 src/ASF/xmega/drivers/adc/xmega_aau/adc_aau.o
 .debug_aranges
                0x000002f0       0x28 src/ASF/xmega/drivers/nvm/nvm_asm.o
 .debug_aranges
                0x00000318       0x60 src/ASF/xmega/drivers/rtc32/rtc32.o
 .debug_aranges
                0x00000378       0x58 src/ASF/xmega/drivers/usart/usart.o
 .debug_aranges
                0x000003d0       0x40 src/FreeRTOS/list.o
 .debug_aranges
                0x00000410       0x38 src/FreeRTOS/portable/GCC/ATXmega256A3BU/port.o
 .debug_aranges
                0x00000448       0x28 src/FreeRTOS/portable/MemMang/heap_3.o
 .debug_aranges
                0x00000470       0xa8 src/FreeRTOS/queue.o
 .debug_aranges
                0x00000518      0x108 src/FreeRTOS/tasks.o
 .debug_aranges
                0x00000620       0x70 src/FreeRTOS/timers.o
 .debug_aranges
                0x00000690       0x20 src/ASF/common/services/ioport/xmega/ioport_compat.o
 .debug_aranges
                0x000006b0       0x20 src/ASF/xmega/boards/xmega_a3bu_xplained/init.o
 .debug_aranges
                0x000006d0       0x98 src/main.o

.debug_pubnames
 *(.debug_pubnames)

.debug_info     0x00000000    0x16445
 *(.debug_info .gnu.linkonce.wi.*)
 .debug_info    0x00000000     0x3379 C:/Program Files (x86)/Atmel/Studio/7.0/Packs/atmel/XMEGAA_DFP/1.1.68/gcc/dev/atxmega256a3bu/avrxmega6/crtatxmega256a3bu.o
 .debug_info    0x00003379     0x1945 src/ASF/common/components/display/st7565r/st7565r.o
 .debug_info    0x00004cbe      0x720 src/ASF/common/services/clock/xmega/sysclk.o
 .debug_info    0x000053de     0x1de2 src/ASF/common/services/gfx_mono/gfx_mono_c12832_a1z.o
 .debug_info    0x000071c0      0x487 src/ASF/common/services/gfx_mono/gfx_mono_framebuffer.o
 .debug_info    0x00007647      0xc10 src/ASF/common/services/gfx_mono/gfx_mono_generic.o
 .debug_info    0x00008257      0x71b src/ASF/common/services/gfx_mono/gfx_mono_text.o
 .debug_info    0x00008972      0x1af src/ASF/common/services/gfx_mono/sysfont.o
 .debug_info    0x00008b21      0x129 src/ASF/common/services/sleepmgr/xmega/sleepmgr.o
 .debug_info    0x00008c4a      0xb7e src/ASF/common/services/spi/xmega_usart_spi/usart_spi.o
 .debug_info    0x000097c8      0xa9b src/ASF/xmega/drivers/adc/adc.o
 .debug_info    0x0000a263      0xe8e src/ASF/xmega/drivers/adc/xmega_aau/adc_aau.o
 .debug_info    0x0000b0f1       0xc9 src/ASF/xmega/drivers/nvm/nvm_asm.o
 .debug_info    0x0000b1ba      0x720 src/ASF/xmega/drivers/rtc32/rtc32.o
 .debug_info    0x0000b8da     0x2ce7 src/ASF/xmega/drivers/usart/usart.o
 .debug_info    0x0000e5c1      0x2d1 src/FreeRTOS/list.o
 .debug_info    0x0000e892      0x9ff src/FreeRTOS/portable/GCC/ATXmega256A3BU/port.o
 .debug_info    0x0000f291      0x175 src/FreeRTOS/portable/MemMang/heap_3.o
 .debug_info    0x0000f406      0xf92 src/FreeRTOS/queue.o
 .debug_info    0x00010398     0x1672 src/FreeRTOS/tasks.o
 .debug_info    0x00011a0a      0xe70 src/FreeRTOS/timers.o
 .debug_info    0x0001287a      0x121 src/ASF/common/services/ioport/xmega/ioport_compat.o
 .debug_info    0x0001299b      0xaeb src/ASF/xmega/boards/xmega_a3bu_xplained/init.o
 .debug_info    0x00013486     0x2fbf src/main.o

.debug_abbrev   0x00000000     0x6250
 *(.debug_abbrev)
 .debug_abbrev  0x00000000     0x30c4 C:/Program Files (x86)/Atmel/Studio/7.0/Packs/atmel/XMEGAA_DFP/1.1.68/gcc/dev/atxmega256a3bu/avrxmega6/crtatxmega256a3bu.o
 .debug_abbrev  0x000030c4      0x2a0 src/ASF/common/components/display/st7565r/st7565r.o
 .debug_abbrev  0x00003364      0x20f src/ASF/common/services/clock/xmega/sysclk.o
 .debug_abbrev  0x00003573      0x385 src/ASF/common/services/gfx_mono/gfx_mono_c12832_a1z.o
 .debug_abbrev  0x000038f8      0x174 src/ASF/common/services/gfx_mono/gfx_mono_framebuffer.o
 .debug_abbrev  0x00003a6c      0x1ac src/ASF/common/services/gfx_mono/gfx_mono_generic.o
 .debug_abbrev  0x00003c18      0x21c src/ASF/common/services/gfx_mono/gfx_mono_text.o
 .debug_abbrev  0x00003e34       0xe2 src/ASF/common/services/gfx_mono/sysfont.o
 .debug_abbrev  0x00003f16       0x84 src/ASF/common/services/sleepmgr/xmega/sleepmgr.o
 .debug_abbrev  0x00003f9a      0x2d8 src/ASF/common/services/spi/xmega_usart_spi/usart_spi.o
 .debug_abbrev  0x00004272      0x2d6 src/ASF/xmega/drivers/adc/adc.o
 .debug_abbrev  0x00004548      0x335 src/ASF/xmega/drivers/adc/xmega_aau/adc_aau.o
 .debug_abbrev  0x0000487d       0x12 src/ASF/xmega/drivers/nvm/nvm_asm.o
 .debug_abbrev  0x0000488f      0x2ed src/ASF/xmega/drivers/rtc32/rtc32.o
 .debug_abbrev  0x00004b7c      0x3f5 src/ASF/xmega/drivers/usart/usart.o
 .debug_abbrev  0x00004f71       0xfb src/FreeRTOS/list.o
 .debug_abbrev  0x0000506c      0x1b3 src/FreeRTOS/portable/GCC/ATXmega256A3BU/port.o
 .debug_abbrev  0x0000521f       0xdc src/FreeRTOS/portable/MemMang/heap_3.o
 .debug_abbrev  0x000052fb      0x252 src/FreeRTOS/queue.o
 .debug_abbrev  0x0000554d      0x2ff src/FreeRTOS/tasks.o
 .debug_abbrev  0x0000584c      0x2e8 src/FreeRTOS/timers.o
 .debug_abbrev  0x00005b34       0x95 src/ASF/common/services/ioport/xmega/ioport_compat.o
 .debug_abbrev  0x00005bc9      0x14a src/ASF/xmega/boards/xmega_a3bu_xplained/init.o
 .debug_abbrev  0x00005d13      0x53d src/main.o

.debug_line     0x00000000     0xc144
 *(.debug_line .debug_line.* .debug_line_end)
 .debug_line    0x00000000      0x39d C:/Program Files (x86)/Atmel/Studio/7.0/Packs/atmel/XMEGAA_DFP/1.1.68/gcc/dev/atxmega256a3bu/avrxmega6/crtatxmega256a3bu.o
 .debug_line    0x0000039d      0xac1 src/ASF/common/components/display/st7565r/st7565r.o
 .debug_line    0x00000e5e      0x608 src/ASF/common/services/clock/xmega/sysclk.o
 .debug_line    0x00001466      0xda7 src/ASF/common/services/gfx_mono/gfx_mono_c12832_a1z.o
 .debug_line    0x0000220d      0x918 src/ASF/common/services/gfx_mono/gfx_mono_framebuffer.o
 .debug_line    0x00002b25      0xc05 src/ASF/common/services/gfx_mono/gfx_mono_generic.o
 .debug_line    0x0000372a      0x9a2 src/ASF/common/services/gfx_mono/gfx_mono_text.o
 .debug_line    0x000040cc      0x7c2 src/ASF/common/services/gfx_mono/sysfont.o
 .debug_line    0x0000488e      0x457 src/ASF/common/services/sleepmgr/xmega/sleepmgr.o
 .debug_line    0x00004ce5      0x7d6 src/ASF/common/services/spi/xmega_usart_spi/usart_spi.o
 .debug_line    0x000054bb      0x789 src/ASF/xmega/drivers/adc/adc.o
 .debug_line    0x00005c44      0x95d src/ASF/xmega/drivers/adc/xmega_aau/adc_aau.o
 .debug_line    0x000065a1      0x11f src/ASF/xmega/drivers/nvm/nvm_asm.o
 .debug_line    0x000066c0      0x792 src/ASF/xmega/drivers/rtc32/rtc32.o
 .debug_line    0x00006e52      0xc93 src/ASF/xmega/drivers/usart/usart.o
 .debug_line    0x00007ae5      0x442 src/FreeRTOS/list.o
 .debug_line    0x00007f27      0x4cc src/FreeRTOS/portable/GCC/ATXmega256A3BU/port.o
 .debug_line    0x000083f3      0x390 src/FreeRTOS/portable/MemMang/heap_3.o
 .debug_line    0x00008783      0xa01 src/FreeRTOS/queue.o
 .debug_line    0x00009184      0xe24 src/FreeRTOS/tasks.o
 .debug_line    0x00009fa8      0x6e0 src/FreeRTOS/timers.o
 .debug_line    0x0000a688      0x4b4 src/ASF/common/services/ioport/xmega/ioport_compat.o
 .debug_line    0x0000ab3c      0x4df src/ASF/xmega/boards/xmega_a3bu_xplained/init.o
 .debug_line    0x0000b01b     0x1129 src/main.o

.debug_frame    0x00000000     0x1818
 *(.debug_frame)
 .debug_frame   0x00000000       0x68 src/ASF/common/components/display/st7565r/st7565r.o
 .debug_frame   0x00000068       0x64 src/ASF/common/services/clock/xmega/sysclk.o
 .debug_frame   0x000000cc      0x1b4 src/ASF/common/services/gfx_mono/gfx_mono_c12832_a1z.o
 .debug_frame   0x00000280       0xd0 src/ASF/common/services/gfx_mono/gfx_mono_framebuffer.o
 .debug_frame   0x00000350      0x214 src/ASF/common/services/gfx_mono/gfx_mono_generic.o
 .debug_frame   0x00000564      0x100 src/ASF/common/services/gfx_mono/gfx_mono_text.o
 .debug_frame   0x00000664       0x90 src/ASF/common/services/spi/xmega_usart_spi/usart_spi.o
 .debug_frame   0x000006f4       0x8c src/ASF/xmega/drivers/adc/adc.o
 .debug_frame   0x00000780      0x3a4 src/ASF/xmega/drivers/adc/xmega_aau/adc_aau.o
 .debug_frame   0x00000b24      0x10c src/ASF/xmega/drivers/rtc32/rtc32.o
 .debug_frame   0x00000c30      0x140 src/ASF/xmega/drivers/usart/usart.o
 .debug_frame   0x00000d70       0x88 src/FreeRTOS/list.o
 .debug_frame   0x00000df8       0x60 src/FreeRTOS/portable/GCC/ATXmega256A3BU/port.o
 .debug_frame   0x00000e58       0x4c src/FreeRTOS/portable/MemMang/heap_3.o
 .debug_frame   0x00000ea4      0x23c src/FreeRTOS/queue.o
 .debug_frame   0x000010e0      0x3d8 src/FreeRTOS/tasks.o
 .debug_frame   0x000014b8      0x180 src/FreeRTOS/timers.o
 .debug_frame   0x00001638       0x30 src/ASF/common/services/ioport/xmega/ioport_compat.o
 .debug_frame   0x00001668       0x24 src/ASF/xmega/boards/xmega_a3bu_xplained/init.o
 .debug_frame   0x0000168c      0x18c src/main.o

.debug_str      0x00000000    0x38e41
 *(.debug_str)
 .debug_str     0x00000000     0x21e4 C:/Program Files (x86)/Atmel/Studio/7.0/Packs/atmel/XMEGAA_DFP/1.1.68/gcc/dev/atxmega256a3bu/avrxmega6/crtatxmega256a3bu.o
 .debug_str     0x000021e4    0x2a366 src/ASF/common/components/display/st7565r/st7565r.o
                              0x2abe6 (size before relaxing)
 .debug_str     0x0002c54a      0x3a0 src/ASF/common/services/clock/xmega/sysclk.o
                              0x29a3c (size before relaxing)
 .debug_str     0x0002c8ea      0xc05 src/ASF/common/services/gfx_mono/gfx_mono_c12832_a1z.o
                              0x2b4e7 (size before relaxing)
 .debug_str     0x0002d4ef       0xba src/ASF/common/services/gfx_mono/gfx_mono_framebuffer.o
                              0x2b102 (size before relaxing)
 .debug_str     0x0002d5a9      0x225 src/ASF/common/services/gfx_mono/gfx_mono_generic.o
                              0x2b245 (size before relaxing)
 .debug_str     0x0002d7ce      0x233 src/ASF/common/services/gfx_mono/gfx_mono_text.o
                              0x2b1d9 (size before relaxing)
 .debug_str     0x0002da01     0x10b0 src/ASF/common/services/gfx_mono/sysfont.o
                              0x2c036 (size before relaxing)
 .debug_str     0x0002eab1      0x3d4 src/ASF/common/services/sleepmgr/xmega/sleepmgr.o
                              0x27639 (size before relaxing)
 .debug_str     0x0002ee85      0x1bb src/ASF/common/services/spi/xmega_usart_spi/usart_spi.o
                              0x2a232 (size before relaxing)
 .debug_str     0x0002f040      0x905 src/ASF/xmega/drivers/adc/adc.o
                              0x2a37d (size before relaxing)
 .debug_str     0x0002f945      0x57e src/ASF/xmega/drivers/adc/xmega_aau/adc_aau.o
                              0x2a5dc (size before relaxing)
 .debug_str     0x0002fec3      0x343 src/ASF/xmega/drivers/rtc32/rtc32.o
                              0x29d8f (size before relaxing)
 .debug_str     0x00030206      0x95a src/ASF/xmega/drivers/usart/usart.o
                              0x2ad71 (size before relaxing)
 .debug_str     0x00030b60     0x2cfc src/FreeRTOS/list.o
                              0x1cd06 (size before relaxing)
 .debug_str     0x0003385c     0x16bc src/FreeRTOS/portable/GCC/ATXmega256A3BU/port.o
                              0x1e7b2 (size before relaxing)
 .debug_str     0x00034f18       0xca src/FreeRTOS/portable/MemMang/heap_3.o
                              0x1d3db (size before relaxing)
 .debug_str     0x00034fe2     0x11d9 src/FreeRTOS/queue.o
                              0x1e6ae (size before relaxing)
 .debug_str     0x000361bb     0x13b5 src/FreeRTOS/tasks.o
                              0x1ebc9 (size before relaxing)
 .debug_str     0x00037570      0x396 src/FreeRTOS/timers.o
                              0x1eb64 (size before relaxing)
 .debug_str     0x00037906       0x77 src/ASF/common/services/ioport/xmega/ioport_compat.o
                              0x278f0 (size before relaxing)
 .debug_str     0x0003797d       0xf7 src/ASF/xmega/boards/xmega_a3bu_xplained/init.o
                              0x2936a (size before relaxing)
 .debug_str     0x00037a74     0x13cd src/main.o
                              0x3254c (size before relaxing)

.debug_loc      0x00000000     0xad30
 *(.debug_loc)
 .debug_loc     0x00000000      0x7d7 src/ASF/common/components/display/st7565r/st7565r.o
 .debug_loc     0x000007d7      0x226 src/ASF/common/services/clock/xmega/sysclk.o
 .debug_loc     0x000009fd     0x1382 src/ASF/common/services/gfx_mono/gfx_mono_c12832_a1z.o
 .debug_loc     0x00001d7f      0x61c src/ASF/common/services/gfx_mono/gfx_mono_framebuffer.o
 .debug_loc     0x0000239b     0x11c5 src/ASF/common/services/gfx_mono/gfx_mono_generic.o
 .debug_loc     0x00003560      0x9a2 src/ASF/common/services/gfx_mono/gfx_mono_text.o
 .debug_loc     0x00003f02      0x56c src/ASF/common/services/spi/xmega_usart_spi/usart_spi.o
 .debug_loc     0x0000446e      0x264 src/ASF/xmega/drivers/adc/adc.o
 .debug_loc     0x000046d2      0xcdc src/ASF/xmega/drivers/adc/xmega_aau/adc_aau.o
 .debug_loc     0x000053ae      0x1c4 src/ASF/xmega/drivers/rtc32/rtc32.o
 .debug_loc     0x00005572      0xec9 src/ASF/xmega/drivers/usart/usart.o
 .debug_loc     0x0000643b      0x145 src/FreeRTOS/list.o
 .debug_loc     0x00006580      0x2b0 src/FreeRTOS/portable/GCC/ATXmega256A3BU/port.o
 .debug_loc     0x00006830      0x102 src/FreeRTOS/portable/MemMang/heap_3.o
 .debug_loc     0x00006932     0x1159 src/FreeRTOS/queue.o
 .debug_loc     0x00007a8b     0x1932 src/FreeRTOS/tasks.o
 .debug_loc     0x000093bd      0xb8b src/FreeRTOS/timers.o
 .debug_loc     0x00009f48       0x66 src/ASF/common/services/ioport/xmega/ioport_compat.o
 .debug_loc     0x00009fae      0x3fa src/ASF/xmega/boards/xmega_a3bu_xplained/init.o
 .debug_loc     0x0000a3a8      0x988 src/main.o

.debug_macinfo
 *(.debug_macinfo)

.debug_weaknames
 *(.debug_weaknames)

.debug_funcnames
 *(.debug_funcnames)

.debug_typenames
 *(.debug_typenames)

.debug_varnames
 *(.debug_varnames)

.debug_pubtypes
 *(.debug_pubtypes)

.debug_ranges   0x00000000      0x930
 *(.debug_ranges)
 .debug_ranges  0x00000000       0x18 src/ASF/common/components/display/st7565r/st7565r.o
 .debug_ranges  0x00000018       0x30 src/ASF/common/services/clock/xmega/sysclk.o
 .debug_ranges  0x00000048      0x188 src/ASF/common/services/gfx_mono/gfx_mono_c12832_a1z.o
 .debug_ranges  0x000001d0       0x48 src/ASF/common/services/gfx_mono/gfx_mono_framebuffer.o
 .debug_ranges  0x00000218       0x48 src/ASF/common/services/gfx_mono/gfx_mono_generic.o
 .debug_ranges  0x00000260       0x30 src/ASF/common/services/gfx_mono/gfx_mono_text.o
 .debug_ranges  0x00000290       0x98 src/ASF/common/services/spi/xmega_usart_spi/usart_spi.o
 .debug_ranges  0x00000328       0x38 src/ASF/xmega/drivers/adc/adc.o
 .debug_ranges  0x00000360       0x68 src/ASF/xmega/drivers/adc/xmega_aau/adc_aau.o
 .debug_ranges  0x000003c8       0x20 src/ASF/xmega/drivers/nvm/nvm_asm.o
 .debug_ranges  0x000003e8       0x50 src/ASF/xmega/drivers/rtc32/rtc32.o
 .debug_ranges  0x00000438       0x80 src/ASF/xmega/drivers/usart/usart.o
 .debug_ranges  0x000004b8       0x30 src/FreeRTOS/list.o
 .debug_ranges  0x000004e8       0x28 src/FreeRTOS/portable/GCC/ATXmega256A3BU/port.o
 .debug_ranges  0x00000510       0x18 src/FreeRTOS/portable/MemMang/heap_3.o
 .debug_ranges  0x00000528       0x98 src/FreeRTOS/queue.o
 .debug_ranges  0x000005c0      0x158 src/FreeRTOS/tasks.o
 .debug_ranges  0x00000718       0xb0 src/FreeRTOS/timers.o
 .debug_ranges  0x000007c8       0x10 src/ASF/common/services/ioport/xmega/ioport_compat.o
 .debug_ranges  0x000007d8       0x10 src/ASF/xmega/boards/xmega_a3bu_xplained/init.o
 .debug_ranges  0x000007e8      0x148 src/main.o

.debug_macro    0x00000000     0xceda
 *(.debug_macro)
 .debug_macro   0x00000000      0x276 src/ASF/common/components/display/st7565r/st7565r.o
 .debug_macro   0x00000276      0xa9c src/ASF/common/components/display/st7565r/st7565r.o
 .debug_macro   0x00000d12       0x10 src/ASF/common/components/display/st7565r/st7565r.o
 .debug_macro   0x00000d22      0x1c9 src/ASF/common/components/display/st7565r/st7565r.o
 .debug_macro   0x00000eeb      0x2fc src/ASF/common/components/display/st7565r/st7565r.o
 .debug_macro   0x000011e7       0x9e src/ASF/common/components/display/st7565r/st7565r.o
 .debug_macro   0x00001285     0x6271 src/ASF/common/components/display/st7565r/st7565r.o
 .debug_macro   0x000074f6       0x9a src/ASF/common/components/display/st7565r/st7565r.o
 .debug_macro   0x00007590       0xf1 src/ASF/common/components/display/st7565r/st7565r.o
 .debug_macro   0x00007681       0x34 src/ASF/common/components/display/st7565r/st7565r.o
 .debug_macro   0x000076b5       0x16 src/ASF/common/components/display/st7565r/st7565r.o
 .debug_macro   0x000076cb       0x18 src/ASF/common/components/display/st7565r/st7565r.o
 .debug_macro   0x000076e3       0x5e src/ASF/common/components/display/st7565r/st7565r.o
 .debug_macro   0x00007741       0x10 src/ASF/common/components/display/st7565r/st7565r.o
 .debug_macro   0x00007751       0x22 src/ASF/common/components/display/st7565r/st7565r.o
 .debug_macro   0x00007773      0x16d src/ASF/common/components/display/st7565r/st7565r.o
 .debug_macro   0x000078e0       0x1c src/ASF/common/components/display/st7565r/st7565r.o
 .debug_macro   0x000078fc       0x35 src/ASF/common/components/display/st7565r/st7565r.o
 .debug_macro   0x00007931       0x66 src/ASF/common/components/display/st7565r/st7565r.o
 .debug_macro   0x00007997      0x4d1 src/ASF/common/components/display/st7565r/st7565r.o
 .debug_macro   0x00007e68       0x97 src/ASF/common/components/display/st7565r/st7565r.o
 .debug_macro   0x00007eff       0x17 src/ASF/common/components/display/st7565r/st7565r.o
 .debug_macro   0x00007f16      0x250 src/ASF/common/components/display/st7565r/st7565r.o
 .debug_macro   0x00008166       0x76 src/ASF/common/components/display/st7565r/st7565r.o
 .debug_macro   0x000081dc       0x16 src/ASF/common/components/display/st7565r/st7565r.o
 .debug_macro   0x000081f2      0x6e3 src/ASF/common/components/display/st7565r/st7565r.o
 .debug_macro   0x000088d5       0x10 src/ASF/common/components/display/st7565r/st7565r.o
 .debug_macro   0x000088e5      0x175 src/ASF/common/components/display/st7565r/st7565r.o
 .debug_macro   0x00008a5a       0x40 src/ASF/common/components/display/st7565r/st7565r.o
 .debug_macro   0x00008a9a       0x69 src/ASF/common/components/display/st7565r/st7565r.o
 .debug_macro   0x00008b03       0x32 src/ASF/common/components/display/st7565r/st7565r.o
 .debug_macro   0x00008b35       0xe4 src/ASF/common/components/display/st7565r/st7565r.o
 .debug_macro   0x00008c19       0x22 src/ASF/common/components/display/st7565r/st7565r.o
 .debug_macro   0x00008c3b      0x248 src/ASF/common/components/display/st7565r/st7565r.o
 .debug_macro   0x00008e83      0x303 src/ASF/common/components/display/st7565r/st7565r.o
 .debug_macro   0x00009186       0x7d src/ASF/common/components/display/st7565r/st7565r.o
 .debug_macro   0x00009203       0x2f src/ASF/common/components/display/st7565r/st7565r.o
 .debug_macro   0x00009232      0x154 src/ASF/common/components/display/st7565r/st7565r.o
 .debug_macro   0x00009386       0x82 src/ASF/common/components/display/st7565r/st7565r.o
 .debug_macro   0x00009408      0x109 src/ASF/common/components/display/st7565r/st7565r.o
 .debug_macro   0x00009511       0x28 src/ASF/common/components/display/st7565r/st7565r.o
 .debug_macro   0x00009539       0x23 src/ASF/common/components/display/st7565r/st7565r.o
 .debug_macro   0x0000955c       0x3a src/ASF/common/components/display/st7565r/st7565r.o
 .debug_macro   0x00009596      0x100 src/ASF/common/components/display/st7565r/st7565r.o
 .debug_macro   0x00009696       0x34 src/ASF/common/components/display/st7565r/st7565r.o
 .debug_macro   0x000096ca       0x2e src/ASF/common/components/display/st7565r/st7565r.o
 .debug_macro   0x000096f8      0x1db src/ASF/common/services/clock/xmega/sysclk.o
 .debug_macro   0x000098d3       0x26 src/ASF/common/services/clock/xmega/sysclk.o
 .debug_macro   0x000098f9      0x2ba src/ASF/common/services/gfx_mono/gfx_mono_c12832_a1z.o
 .debug_macro   0x00009bb3       0x7a src/ASF/common/services/gfx_mono/gfx_mono_c12832_a1z.o
 .debug_macro   0x00009c2d       0x89 src/ASF/common/services/gfx_mono/gfx_mono_c12832_a1z.o
 .debug_macro   0x00009cb6      0x2ae src/ASF/common/services/gfx_mono/gfx_mono_framebuffer.o
 .debug_macro   0x00009f64      0x302 src/ASF/common/services/gfx_mono/gfx_mono_framebuffer.o
 .debug_macro   0x0000a266      0x2ae src/ASF/common/services/gfx_mono/gfx_mono_generic.o
 .debug_macro   0x0000a514      0x2d5 src/ASF/common/services/gfx_mono/gfx_mono_text.o
 .debug_macro   0x0000a7e9       0xaa src/ASF/common/services/gfx_mono/gfx_mono_text.o
 .debug_macro   0x0000a893      0x2db src/ASF/common/services/gfx_mono/sysfont.o
 .debug_macro   0x0000ab6e       0x3a src/ASF/common/services/gfx_mono/sysfont.o
 .debug_macro   0x0000aba8      0x1a3 src/ASF/common/services/sleepmgr/xmega/sleepmgr.o
 .debug_macro   0x0000ad4b       0x10 src/ASF/common/services/sleepmgr/xmega/sleepmgr.o
 .debug_macro   0x0000ad5b       0x42 src/ASF/common/services/sleepmgr/xmega/sleepmgr.o
 .debug_macro   0x0000ad9d      0x234 src/ASF/common/services/spi/xmega_usart_spi/usart_spi.o
 .debug_macro   0x0000afd1      0x22f src/ASF/xmega/drivers/adc/adc.o
 .debug_macro   0x0000b200       0x10 src/ASF/xmega/drivers/adc/adc.o
 .debug_macro   0x0000b210       0x20 src/ASF/xmega/drivers/adc/adc.o
 .debug_macro   0x0000b230       0xc7 src/ASF/xmega/drivers/adc/adc.o
 .debug_macro   0x0000b2f7      0x22f src/ASF/xmega/drivers/adc/xmega_aau/adc_aau.o
 .debug_macro   0x0000b526      0x215 src/ASF/xmega/drivers/rtc32/rtc32.o
 .debug_macro   0x0000b73b       0x10 src/ASF/xmega/drivers/rtc32/rtc32.o
 .debug_macro   0x0000b74b      0x221 src/ASF/xmega/drivers/usart/usart.o
 .debug_macro   0x0000b96c      0x107 src/FreeRTOS/list.o
 .debug_macro   0x0000ba73      0x11a src/FreeRTOS/portable/GCC/ATXmega256A3BU/port.o
 .debug_macro   0x0000bb8d       0x8e src/FreeRTOS/portable/GCC/ATXmega256A3BU/port.o
 .debug_macro   0x0000bc1b      0x122 src/FreeRTOS/portable/MemMang/heap_3.o
 .debug_macro   0x0000bd3d      0x17a src/FreeRTOS/queue.o
 .debug_macro   0x0000beb7       0x20 src/FreeRTOS/queue.o
 .debug_macro   0x0000bed7       0xb0 src/FreeRTOS/queue.o
 .debug_macro   0x0000bf87      0x1bd src/FreeRTOS/tasks.o
 .debug_macro   0x0000c144       0x11 src/FreeRTOS/tasks.o
 .debug_macro   0x0000c155      0x144 src/FreeRTOS/timers.o
 .debug_macro   0x0000c299      0x193 src/ASF/common/services/ioport/xmega/ioport_compat.o
 .debug_macro   0x0000c42c      0x1b5 src/ASF/xmega/boards/xmega_a3bu_xplained/init.o
 .debug_macro   0x0000c5e1       0x2e src/ASF/xmega/boards/xmega_a3bu_xplained/init.o
 .debug_macro   0x0000c60f      0x242 src/ASF/xmega/boards/xmega_a3bu_xplained/init.o
 .debug_macro   0x0000c851      0x499 src/main.o
 .debug_macro   0x0000ccea       0x34 src/main.o
 .debug_macro   0x0000cd1e       0x46 src/main.o
 .debug_macro   0x0000cd64       0x1c src/main.o
 .debug_macro   0x0000cd80       0x58 src/main.o
 .debug_macro   0x0000cdd8       0x10 src/main.o
 .debug_macro   0x0000cde8       0xf2 src/main.o
OUTPUT(Praktikum_5_Template_6_2(1).elf elf32-avr)
LOAD linker stubs

.BOOT           0x00040000        0x0
